#
# There is insufficient memory for the Java Runtime Environment to continue.
# Native memory allocation (mmap) failed to map 35651584 bytes. Error detail: G1 virtual space
# Possible reasons:
#   The system is out of physical RAM or swap space
#   This process is running with CompressedOops enabled, and the Java Heap may be blocking the growth of the native heap
# Possible solutions:
#   Reduce memory load on the system
#   Increase physical memory or swap space
#   Check if swap backing store is full
#   Decrease Java heap size (-Xmx/-Xms)
#   Decrease number of Java threads
#   Decrease Java thread stack sizes (-Xss)
#   Set larger code cache with -XX:ReservedCodeCacheSize=
#   JVM is running with Zero Based Compressed Oops mode in which the Java heap is
#     placed in the first 32GB address space. The Java Heap base address is the
#     maximum limit for the native heap growth. Please use -XX:HeapBaseMinAddress
#     to set the Java Heap base and to place the Java Heap above 32GB virtual address.
# This output file may be truncated or incomplete.
#
#  Out of Memory Error (os_windows.cpp:3714), pid=13140, tid=23692
#
# JRE version: OpenJDK Runtime Environment Corretto-21.0.11.10.1 (21.0.11+10) (build 21.0.11+10-LTS)
# Java VM: OpenJDK 64-Bit Server VM Corretto-21.0.11.10.1 (21.0.11+10-LTS, mixed mode, sharing, tiered, compressed oops, compressed class ptrs, g1 gc, windows-amd64)
# No core dump will be written. Minidumps are not enabled by default on client versions of Windows
#

---------------  S U M M A R Y ------------

Command Line: --add-opens=java.base/java.lang=ALL-UNNAMED --add-opens=java.base/java.lang.invoke=ALL-UNNAMED --add-opens=java.base/java.util=ALL-UNNAMED --add-opens=java.prefs/java.util.prefs=ALL-UNNAMED --add-exports=jdk.compiler/com.sun.tools.javac.api=ALL-UNNAMED --add-exports=jdk.compiler/com.sun.tools.javac.util=ALL-UNNAMED --add-opens=java.base/java.util=ALL-UNNAMED --add-opens=java.prefs/java.util.prefs=ALL-UNNAMED --add-opens=java.base/java.nio.charset=ALL-UNNAMED --add-opens=java.base/java.net=ALL-UNNAMED --add-opens=java.base/java.util.concurrent=ALL-UNNAMED --add-opens=java.base/java.util.concurrent.atomic=ALL-UNNAMED --add-opens=java.xml/javax.xml.namespace=ALL-UNNAMED --add-opens=java.base/java.time=ALL-UNNAMED -Xmx4096M -Dfile.encoding=UTF-8 -Duser.country=US -Duser.language=en -Duser.variant -javaagent:D:\.gradle\wrapper\dists\gradle-9.1.0-bin\9agqghryom9wkf8r80qlhnts3\gradle-9.1.0\lib\agents\gradle-instrumentation-agent-9.1.0.jar org.gradle.launcher.daemon.bootstrap.GradleDaemon 9.1.0

Host: 13th Gen Intel(R) Core(TM) i5-13420H, 12 cores, 15G,  Windows 11 , 64 bit Build 26100 (10.0.26100.8521)
Time: Sat Jun  6 19:21:41 2026 SE Asia Standard Time elapsed time: 49.956547 seconds (0d 0h 0m 49s)

---------------  T H R E A D  ---------------

Current thread (0x0000019f7f593e30):  VMThread "VM Thread"          [id=23692, stack(0x00000046d2f00000,0x00000046d3000000) (1024K)]

Stack: [0x00000046d2f00000,0x00000046d3000000]
Native frames: (J=compiled Java code, j=interpreted, Vv=VM code, C=native code)
V  [jvm.dll+0x6df899]
V  [jvm.dll+0x8bc52b]
V  [jvm.dll+0x8beaba]
V  [jvm.dll+0x8bf193]
V  [jvm.dll+0x28aa16]
V  [jvm.dll+0x6dc1f5]
V  [jvm.dll+0x6d003a]
V  [jvm.dll+0x3650fe]
V  [jvm.dll+0x36cfcb]
V  [jvm.dll+0x3bea89]
V  [jvm.dll+0x3bed2b]
V  [jvm.dll+0x3392c7]
V  [jvm.dll+0x33bad6]
V  [jvm.dll+0x345ebf]
V  [jvm.dll+0x37b8ef]
V  [jvm.dll+0x8c4eef]
V  [jvm.dll+0x8c63d3]
V  [jvm.dll+0x8c6944]
V  [jvm.dll+0x8c6a43]
V  [jvm.dll+0x8672bd]
V  [jvm.dll+0x6de09d]
C  [ucrtbase.dll+0x2cd30]
C  [KERNEL32.DLL+0x2e957]
C  [ntdll.dll+0x87c1c]

VM_Operation (0x00000046d2aff8b0): G1PauseRemark, mode: safepoint, requested by thread 0x0000019f6ed489c0


---------------  P R O C E S S  ---------------

Threads class SMR info:
_java_thread_list=0x0000019f59b1cc10, length=126, elements={
0x0000019f6ecce970, 0x0000019f7f5b54d0, 0x0000019f7f5b8870, 0x0000019f7f5bd620,
0x0000019f7f5be3e0, 0x0000019f7f5c89c0, 0x0000019f7f5eca60, 0x0000019f7f5f30a0,
0x0000019f7f5f8000, 0x0000019f7f788740, 0x0000019f7f8c59f0, 0x0000019f54e0a740,
0x0000019f556049d0, 0x0000019f55639090, 0x0000019f5579ec20, 0x0000019f5577d390,
0x0000019f5586fdf0, 0x0000019f55870460, 0x0000019f558a2d00, 0x0000019f558a5460,
0x0000019f558a5af0, 0x0000019f558a4dd0, 0x0000019f558a2670, 0x0000019f558a3a20,
0x0000019f558a40b0, 0x0000019f58c7fc60, 0x0000019f58c7db90, 0x0000019f58c7e8b0,
0x0000019f58c7ef40, 0x0000019f58c7ce70, 0x0000019f58c7f5d0, 0x0000019f58c7d500,
0x0000019f58c816a0, 0x0000019f58c7e220, 0x0000019f58c83e00, 0x0000019f58c830e0,
0x0000019f58c81010, 0x0000019f58c83770, 0x0000019f58c81d30, 0x0000019f58c823c0,
0x0000019f58c82a50, 0x0000019f56d76850, 0x0000019f56d76ee0, 0x0000019f56d740f0,
0x0000019f56d77570, 0x0000019f56d77c00, 0x0000019f56d74780, 0x0000019f56d74e10,
0x0000019f56d78290, 0x0000019f56d78920, 0x0000019f56d75b30, 0x0000019f56d754a0,
0x0000019f56d78fb0, 0x0000019f56d79640, 0x0000019f56d761c0, 0x0000019f56d79cd0,
0x0000019f56d7a360, 0x0000019f56d7a9f0, 0x0000019f56d7b710, 0x0000019f56d7b080,
0x0000019f5b8cb080, 0x0000019f5b8c8290, 0x0000019f5b8c8fb0, 0x0000019f5b8cb710,
0x0000019f5b8c9640, 0x0000019f5b8ca9f0, 0x0000019f5b8cbda0, 0x0000019f5b8c8920,
0x0000019f5b8cc430, 0x0000019f5b8cd150, 0x0000019f5b8c9cd0, 0x0000019f5b8cd7e0,
0x0000019f5b8ca360, 0x0000019f5b8ceb90, 0x0000019f5b8ce500, 0x0000019f57fb0060,
0x0000019f57facbe0, 0x0000019f57faf340, 0x0000019f57fad900, 0x0000019f57faecb0,
0x0000019f57fb06f0, 0x0000019f57fad270, 0x0000019f57fb2e50, 0x0000019f57fb34e0,
0x0000019f57fb3b70, 0x0000019f57fb1aa0, 0x0000019f57fb2130, 0x0000019f57fb1410,
0x0000019f57fb0d80, 0x0000019f57fb27c0, 0x0000019f56bd2560, 0x0000019f56bd2bf0,
0x0000019f56bd1840, 0x0000019f56bd3280, 0x0000019f56bcfe00, 0x0000019f56bd1ed0,
0x0000019f56bd3910, 0x0000019f56bd0490, 0x0000019f56bd3fa0, 0x0000019f56bd11b0,
0x0000019f56bd0b20, 0x0000019f56bd6700, 0x0000019f56bd59e0, 0x0000019f56bd4cc0,
0x0000019f56bd7420, 0x0000019f56bd6070, 0x0000019f56bd6d90, 0x0000019f56bd4630,
0x0000019f57faf9d0, 0x0000019f58c40ba0, 0x0000019f58c41230, 0x0000019f58c3fe80,
0x0000019f597d4230, 0x0000019f597d48c0, 0x0000019f597d2e80, 0x0000019f5be22db0,
0x0000019f5be23b50, 0x0000019f597d0090, 0x0000019f597d6990, 0x0000019f597d5c70,
0x0000019f597d55e0, 0x0000019f597d6300, 0x0000019f597d7020, 0x0000019f57fadf90,
0x0000019f5b0a7ed0, 0x0000019f58c453d0
}

Java Threads: ( => current thread )
  0x0000019f6ecce970 JavaThread "main"                              [_thread_blocked, id=10000, stack(0x00000046d2800000,0x00000046d2900000) (1024K)]
  0x0000019f7f5b54d0 JavaThread "Reference Handler"          daemon [_thread_blocked, id=21600, stack(0x00000046d3000000,0x00000046d3100000) (1024K)]
  0x0000019f7f5b8870 JavaThread "Finalizer"                  daemon [_thread_blocked, id=21084, stack(0x00000046d3100000,0x00000046d3200000) (1024K)]
  0x0000019f7f5bd620 JavaThread "Signal Dispatcher"          daemon [_thread_blocked, id=9848, stack(0x00000046d3200000,0x00000046d3300000) (1024K)]
  0x0000019f7f5be3e0 JavaThread "Attach Listener"            daemon [_thread_blocked, id=25552, stack(0x00000046d3300000,0x00000046d3400000) (1024K)]
  0x0000019f7f5c89c0 JavaThread "Service Thread"             daemon [_thread_blocked, id=3928, stack(0x00000046d3400000,0x00000046d3500000) (1024K)]
  0x0000019f7f5eca60 JavaThread "Monitor Deflation Thread"   daemon [_thread_blocked, id=14488, stack(0x00000046d3500000,0x00000046d3600000) (1024K)]
  0x0000019f7f5f30a0 JavaThread "C2 CompilerThread0"         daemon [_thread_blocked, id=24836, stack(0x00000046d3600000,0x00000046d3700000) (1024K)]
  0x0000019f7f5f8000 JavaThread "C1 CompilerThread0"         daemon [_thread_blocked, id=6996, stack(0x00000046d3700000,0x00000046d3800000) (1024K)]
  0x0000019f7f788740 JavaThread "Common-Cleaner"             daemon [_thread_blocked, id=24608, stack(0x00000046d3800000,0x00000046d3900000) (1024K)]
  0x0000019f7f8c59f0 JavaThread "Notification Thread"        daemon [_thread_blocked, id=18992, stack(0x00000046d3900000,0x00000046d3a00000) (1024K)]
  0x0000019f54e0a740 JavaThread "Daemon health stats"               [_thread_blocked, id=9392, stack(0x00000046d4300000,0x00000046d4400000) (1024K)]
  0x0000019f556049d0 JavaThread "Incoming local TCP Connector on port 51365"        [_thread_in_native, id=16452, stack(0x00000046d4400000,0x00000046d4500000) (1024K)]
  0x0000019f55639090 JavaThread "Daemon periodic checks"            [_thread_blocked, id=24360, stack(0x00000046d4500000,0x00000046d4600000) (1024K)]
  0x0000019f5579ec20 JavaThread "Daemon"                            [_thread_blocked, id=23800, stack(0x00000046d4600000,0x00000046d4700000) (1024K)]
  0x0000019f5577d390 JavaThread "Handler for socket connection from /127.0.0.1:51365 to /127.0.0.1:51368"        [_thread_in_native, id=2428, stack(0x00000046d4700000,0x00000046d4800000) (1024K)]
  0x0000019f5586fdf0 JavaThread "Cancel handler"                    [_thread_blocked, id=5964, stack(0x00000046d4800000,0x00000046d4900000) (1024K)]
  0x0000019f55870460 JavaThread "Daemon worker"                     [_thread_blocked, id=12512, stack(0x00000046d4900000,0x00000046d4a00000) (1024K)]
  0x0000019f558a2d00 JavaThread "Asynchronous log dispatcher for DefaultDaemonConnection: socket connection from /127.0.0.1:51365 to /127.0.0.1:51368"        [_thread_blocked, id=23756, stack(0x00000046d4a00000,0x00000046d4b00000) (1024K)]
  0x0000019f558a5460 JavaThread "Stdin handler"                     [_thread_blocked, id=7724, stack(0x00000046d4b00000,0x00000046d4c00000) (1024K)]
  0x0000019f558a5af0 JavaThread "Daemon client event forwarder"        [_thread_blocked, id=18956, stack(0x00000046d4c00000,0x00000046d4d00000) (1024K)]
  0x0000019f558a4dd0 JavaThread "Cache worker for journal cache (D:\.gradle\caches\journal-1)"        [_thread_blocked, id=10860, stack(0x00000046d3a00000,0x00000046d3b00000) (1024K)]
  0x0000019f558a2670 JavaThread "File lock request listener"        [_thread_in_native, id=8812, stack(0x00000046d4d00000,0x00000046d4e00000) (1024K)]
  0x0000019f558a3a20 JavaThread "Cache worker for file hash cache (D:\.gradle\caches\9.1.0\fileHashes)"        [_thread_blocked, id=23708, stack(0x00000046d4e00000,0x00000046d4f00000) (1024K)]
  0x0000019f558a40b0 JavaThread "File lock release action executor"        [_thread_blocked, id=17180, stack(0x00000046d4f00000,0x00000046d5000000) (1024K)]
  0x0000019f58c7fc60 JavaThread "Cache worker for file hash cache (D:\Projects\tugas-pengembangan-aplikasi-mobile\tugas-minggu-3\.gradle\9.1.0\fileHashes)"        [_thread_blocked, id=21992, stack(0x00000046d5400000,0x00000046d5500000) (1024K)]
  0x0000019f58c7db90 JavaThread "Cache worker for checksums cache (D:\Projects\tugas-pengembangan-aplikasi-mobile\tugas-minggu-3\.gradle\9.1.0\checksums)"        [_thread_blocked, id=2852, stack(0x00000046d5500000,0x00000046d5600000) (1024K)]
  0x0000019f58c7e8b0 JavaThread "Cache worker for Build Output Cleanup Cache (D:\Projects\tugas-pengembangan-aplikasi-mobile\tugas-minggu-3\.gradle\buildOutputCleanup)"        [_thread_blocked, id=19440, stack(0x00000046d5300000,0x00000046d5400000) (1024K)]
  0x0000019f58c7ef40 JavaThread "Cache worker for file content cache (D:\.gradle\caches\9.1.0\fileContent)"        [_thread_blocked, id=23092, stack(0x00000046d5700000,0x00000046d5800000) (1024K)]
  0x0000019f58c7ce70 JavaThread "File watcher server"        daemon [_thread_blocked, id=9240, stack(0x00000046d5900000,0x00000046d5a00000) (1024K)]
  0x0000019f58c7f5d0 JavaThread "File watcher consumer"      daemon [_thread_blocked, id=11700, stack(0x00000046d5a00000,0x00000046d5b00000) (1024K)]
  0x0000019f58c7d500 JavaThread "Cache worker for cache directory md-supplier (D:\.gradle\caches\9.1.0\md-supplier)"        [_thread_blocked, id=5324, stack(0x00000046d5800000,0x00000046d5900000) (1024K)]
  0x0000019f58c816a0 JavaThread "Cache worker for cache directory md-rule (D:\.gradle\caches\9.1.0\md-rule)"        [_thread_blocked, id=19076, stack(0x00000046d5600000,0x00000046d5700000) (1024K)]
  0x0000019f58c7e220 JavaThread "jar transforms"                    [_thread_blocked, id=7076, stack(0x00000046d5b00000,0x00000046d5c00000) (1024K)]
  0x0000019f58c83e00 JavaThread "jar transforms Thread 2"           [_thread_blocked, id=24196, stack(0x00000046d5d00000,0x00000046d5e00000) (1024K)]
  0x0000019f58c830e0 JavaThread "jar transforms Thread 3"           [_thread_blocked, id=21368, stack(0x00000046d5f00000,0x00000046d6000000) (1024K)]
  0x0000019f58c81010 JavaThread "Unconstrained build operations"        [_thread_blocked, id=14156, stack(0x00000046d5c00000,0x00000046d5d00000) (1024K)]
  0x0000019f58c83770 JavaThread "Unconstrained build operations Thread 2"        [_thread_blocked, id=7656, stack(0x00000046d5e00000,0x00000046d5f00000) (1024K)]
  0x0000019f58c81d30 JavaThread "Unconstrained build operations Thread 3"        [_thread_blocked, id=21500, stack(0x00000046d6000000,0x00000046d6100000) (1024K)]
  0x0000019f58c823c0 JavaThread "Unconstrained build operations Thread 4"        [_thread_blocked, id=20100, stack(0x00000046d6100000,0x00000046d6200000) (1024K)]
  0x0000019f58c82a50 JavaThread "Unconstrained build operations Thread 5"        [_thread_blocked, id=15048, stack(0x00000046d6200000,0x00000046d6300000) (1024K)]
  0x0000019f56d76850 JavaThread "Unconstrained build operations Thread 6"        [_thread_blocked, id=20996, stack(0x00000046d6300000,0x00000046d6400000) (1024K)]
  0x0000019f56d76ee0 JavaThread "Unconstrained build operations Thread 7"        [_thread_blocked, id=10340, stack(0x00000046d6400000,0x00000046d6500000) (1024K)]
  0x0000019f56d740f0 JavaThread "Unconstrained build operations Thread 8"        [_thread_blocked, id=10632, stack(0x00000046d6500000,0x00000046d6600000) (1024K)]
  0x0000019f56d77570 JavaThread "Unconstrained build operations Thread 9"        [_thread_blocked, id=18584, stack(0x00000046d6600000,0x00000046d6700000) (1024K)]
  0x0000019f56d77c00 JavaThread "Unconstrained build operations Thread 10"        [_thread_blocked, id=10168, stack(0x00000046d6700000,0x00000046d6800000) (1024K)]
  0x0000019f56d74780 JavaThread "Unconstrained build operations Thread 11"        [_thread_blocked, id=20540, stack(0x00000046d6900000,0x00000046d6a00000) (1024K)]
  0x0000019f56d74e10 JavaThread "Unconstrained build operations Thread 12"        [_thread_blocked, id=20628, stack(0x00000046d6a00000,0x00000046d6b00000) (1024K)]
  0x0000019f56d78290 JavaThread "Unconstrained build operations Thread 13"        [_thread_blocked, id=7536, stack(0x00000046d6b00000,0x00000046d6c00000) (1024K)]
  0x0000019f56d78920 JavaThread "Unconstrained build operations Thread 14"        [_thread_blocked, id=3632, stack(0x00000046d6c00000,0x00000046d6d00000) (1024K)]
  0x0000019f56d75b30 JavaThread "Unconstrained build operations Thread 15"        [_thread_blocked, id=6860, stack(0x00000046d6d00000,0x00000046d6e00000) (1024K)]
  0x0000019f56d754a0 JavaThread "Unconstrained build operations Thread 16"        [_thread_blocked, id=20152, stack(0x00000046d6e00000,0x00000046d6f00000) (1024K)]
  0x0000019f56d78fb0 JavaThread "Unconstrained build operations Thread 17"        [_thread_blocked, id=4412, stack(0x00000046d6f00000,0x00000046d7000000) (1024K)]
  0x0000019f56d79640 JavaThread "Unconstrained build operations Thread 18"        [_thread_blocked, id=12212, stack(0x00000046d7000000,0x00000046d7100000) (1024K)]
  0x0000019f56d761c0 JavaThread "Unconstrained build operations Thread 19"        [_thread_blocked, id=22620, stack(0x00000046d7100000,0x00000046d7200000) (1024K)]
  0x0000019f56d79cd0 JavaThread "Unconstrained build operations Thread 20"        [_thread_blocked, id=22236, stack(0x00000046d7200000,0x00000046d7300000) (1024K)]
  0x0000019f56d7a360 JavaThread "jar transforms Thread 4"           [_thread_blocked, id=19008, stack(0x00000046d7400000,0x00000046d7500000) (1024K)]
  0x0000019f56d7a9f0 JavaThread "jar transforms Thread 5"           [_thread_blocked, id=25192, stack(0x00000046d7500000,0x00000046d7600000) (1024K)]
  0x0000019f56d7b710 JavaThread "Unconstrained build operations Thread 21"        [_thread_blocked, id=7344, stack(0x00000046d7600000,0x00000046d7700000) (1024K)]
  0x0000019f56d7b080 JavaThread "Unconstrained build operations Thread 22"        [_thread_blocked, id=23004, stack(0x00000046d7700000,0x00000046d7800000) (1024K)]
  0x0000019f5b8cb080 JavaThread "Unconstrained build operations Thread 23"        [_thread_blocked, id=9140, stack(0x00000046d7800000,0x00000046d7900000) (1024K)]
  0x0000019f5b8c8290 JavaThread "Unconstrained build operations Thread 24"        [_thread_blocked, id=24416, stack(0x00000046d7900000,0x00000046d7a00000) (1024K)]
  0x0000019f5b8c8fb0 JavaThread "Unconstrained build operations Thread 25"        [_thread_blocked, id=11920, stack(0x00000046d7a00000,0x00000046d7b00000) (1024K)]
  0x0000019f5b8cb710 JavaThread "Unconstrained build operations Thread 26"        [_thread_blocked, id=22276, stack(0x00000046d7b00000,0x00000046d7c00000) (1024K)]
  0x0000019f5b8c9640 JavaThread "Unconstrained build operations Thread 27"        [_thread_blocked, id=24100, stack(0x00000046d7c00000,0x00000046d7d00000) (1024K)]
  0x0000019f5b8ca9f0 JavaThread "Unconstrained build operations Thread 28"        [_thread_blocked, id=24204, stack(0x00000046d7d00000,0x00000046d7e00000) (1024K)]
  0x0000019f5b8cbda0 JavaThread "Unconstrained build operations Thread 29"        [_thread_blocked, id=23176, stack(0x00000046d7e00000,0x00000046d7f00000) (1024K)]
  0x0000019f5b8c8920 JavaThread "Unconstrained build operations Thread 30"        [_thread_blocked, id=23908, stack(0x00000046d7f00000,0x00000046d8000000) (1024K)]
  0x0000019f5b8cc430 JavaThread "jar transforms Thread 6"           [_thread_blocked, id=21032, stack(0x00000046d8000000,0x00000046d8100000) (1024K)]
  0x0000019f5b8cd150 JavaThread "jar transforms Thread 7"           [_thread_blocked, id=25464, stack(0x00000046d8100000,0x00000046d8200000) (1024K)]
  0x0000019f5b8c9cd0 JavaThread "jar transforms Thread 8"           [_thread_blocked, id=13600, stack(0x00000046d8200000,0x00000046d8300000) (1024K)]
  0x0000019f5b8cd7e0 JavaThread "Unconstrained build operations Thread 31"        [_thread_blocked, id=16328, stack(0x00000046d6800000,0x00000046d6900000) (1024K)]
  0x0000019f5b8ca360 JavaThread "Unconstrained build operations Thread 32"        [_thread_blocked, id=5048, stack(0x00000046d7300000,0x00000046d7400000) (1024K)]
  0x0000019f5b8ceb90 JavaThread "Unconstrained build operations Thread 33"        [_thread_blocked, id=24392, stack(0x00000046d8300000,0x00000046d8400000) (1024K)]
  0x0000019f5b8ce500 JavaThread "Configuration cache report writer"        [_thread_blocked, id=16424, stack(0x00000046d8400000,0x00000046d8500000) (1024K)]
  0x0000019f57fb0060 JavaThread "Unconstrained build operations Thread 34"        [_thread_blocked, id=16600, stack(0x00000046d8700000,0x00000046d8800000) (1024K)]
  0x0000019f57facbe0 JavaThread "Unconstrained build operations Thread 35"        [_thread_blocked, id=14300, stack(0x00000046d8800000,0x00000046d8900000) (1024K)]
  0x0000019f57faf340 JavaThread "Unconstrained build operations Thread 36"        [_thread_blocked, id=21192, stack(0x00000046d8900000,0x00000046d8a00000) (1024K)]
  0x0000019f57fad900 JavaThread "Unconstrained build operations Thread 37"        [_thread_blocked, id=23332, stack(0x00000046d8a00000,0x00000046d8b00000) (1024K)]
  0x0000019f57faecb0 JavaThread "Unconstrained build operations Thread 38"        [_thread_blocked, id=18464, stack(0x00000046d8b00000,0x00000046d8c00000) (1024K)]
  0x0000019f57fb06f0 JavaThread "Unconstrained build operations Thread 39"        [_thread_blocked, id=24748, stack(0x00000046d8c00000,0x00000046d8d00000) (1024K)]
  0x0000019f57fad270 JavaThread "Unconstrained build operations Thread 40"        [_thread_blocked, id=7532, stack(0x00000046d8d00000,0x00000046d8e00000) (1024K)]
  0x0000019f57fb2e50 JavaThread "Unconstrained build operations Thread 41"        [_thread_blocked, id=13980, stack(0x00000046d8e00000,0x00000046d8f00000) (1024K)]
  0x0000019f57fb34e0 JavaThread "Unconstrained build operations Thread 42"        [_thread_blocked, id=23700, stack(0x00000046d8f00000,0x00000046d9000000) (1024K)]
  0x0000019f57fb3b70 JavaThread "Unconstrained build operations Thread 43"        [_thread_blocked, id=11060, stack(0x00000046d9000000,0x00000046d9100000) (1024K)]
  0x0000019f57fb1aa0 JavaThread "Unconstrained build operations Thread 44"        [_thread_blocked, id=8536, stack(0x00000046d9100000,0x00000046d9200000) (1024K)]
  0x0000019f57fb2130 JavaThread "Unconstrained build operations Thread 45"        [_thread_blocked, id=4076, stack(0x00000046d9200000,0x00000046d9300000) (1024K)]
  0x0000019f57fb1410 JavaThread "Unconstrained build operations Thread 46"        [_thread_blocked, id=5704, stack(0x00000046d9300000,0x00000046d9400000) (1024K)]
  0x0000019f57fb0d80 JavaThread "Unconstrained build operations Thread 47"        [_thread_blocked, id=5244, stack(0x00000046d9400000,0x00000046d9500000) (1024K)]
  0x0000019f57fb27c0 JavaThread "Unconstrained build operations Thread 48"        [_thread_blocked, id=13632, stack(0x00000046d9500000,0x00000046d9600000) (1024K)]
  0x0000019f56bd2560 JavaThread "Unconstrained build operations Thread 49"        [_thread_blocked, id=19264, stack(0x00000046d9600000,0x00000046d9700000) (1024K)]
  0x0000019f56bd2bf0 JavaThread "Unconstrained build operations Thread 50"        [_thread_blocked, id=6500, stack(0x00000046d9700000,0x00000046d9800000) (1024K)]
  0x0000019f56bd1840 JavaThread "Unconstrained build operations Thread 51"        [_thread_blocked, id=22156, stack(0x00000046d9800000,0x00000046d9900000) (1024K)]
  0x0000019f56bd3280 JavaThread "Unconstrained build operations Thread 52"        [_thread_blocked, id=2988, stack(0x00000046d9900000,0x00000046d9a00000) (1024K)]
  0x0000019f56bcfe00 JavaThread "Unconstrained build operations Thread 53"        [_thread_blocked, id=7184, stack(0x00000046d9a00000,0x00000046d9b00000) (1024K)]
  0x0000019f56bd1ed0 JavaThread "Unconstrained build operations Thread 54"        [_thread_blocked, id=16016, stack(0x00000046d9b00000,0x00000046d9c00000) (1024K)]
  0x0000019f56bd3910 JavaThread "Unconstrained build operations Thread 55"        [_thread_blocked, id=16496, stack(0x00000046d9c00000,0x00000046d9d00000) (1024K)]
  0x0000019f56bd0490 JavaThread "Unconstrained build operations Thread 56"        [_thread_blocked, id=24680, stack(0x00000046d9d00000,0x00000046d9e00000) (1024K)]
  0x0000019f56bd3fa0 JavaThread "Unconstrained build operations Thread 57"        [_thread_blocked, id=9868, stack(0x00000046d9e00000,0x00000046d9f00000) (1024K)]
  0x0000019f56bd11b0 JavaThread "Unconstrained build operations Thread 58"        [_thread_blocked, id=17848, stack(0x00000046d9f00000,0x00000046da000000) (1024K)]
  0x0000019f56bd0b20 JavaThread "Unconstrained build operations Thread 59"        [_thread_blocked, id=10884, stack(0x00000046da000000,0x00000046da100000) (1024K)]
  0x0000019f56bd6700 JavaThread "Unconstrained build operations Thread 60"        [_thread_blocked, id=25152, stack(0x00000046da100000,0x00000046da200000) (1024K)]
  0x0000019f56bd59e0 JavaThread "Unconstrained build operations Thread 61"        [_thread_blocked, id=22900, stack(0x00000046da200000,0x00000046da300000) (1024K)]
  0x0000019f56bd4cc0 JavaThread "Unconstrained build operations Thread 62"        [_thread_blocked, id=3624, stack(0x00000046da300000,0x00000046da400000) (1024K)]
  0x0000019f56bd7420 JavaThread "Unconstrained build operations Thread 63"        [_thread_blocked, id=1704, stack(0x00000046da400000,0x00000046da500000) (1024K)]
  0x0000019f56bd6070 JavaThread "Unconstrained build operations Thread 64"        [_thread_blocked, id=16140, stack(0x00000046da500000,0x00000046da600000) (1024K)]
  0x0000019f56bd6d90 JavaThread "Unconstrained build operations Thread 65"        [_thread_blocked, id=23412, stack(0x00000046da600000,0x00000046da700000) (1024K)]
  0x0000019f56bd4630 JavaThread "Unconstrained build operations Thread 66"        [_thread_blocked, id=8016, stack(0x00000046da700000,0x00000046da800000) (1024K)]
  0x0000019f57faf9d0 JavaThread "build event listener"              [_thread_blocked, id=21288, stack(0x00000046d8500000,0x00000046d8600000) (1024K)]
  0x0000019f58c40ba0 JavaThread "Memory manager"                    [_thread_blocked, id=25544, stack(0x00000046da800000,0x00000046da900000) (1024K)]
  0x0000019f58c41230 JavaThread "build event listener"              [_thread_blocked, id=24288, stack(0x00000046da900000,0x00000046daa00000) (1024K)]
  0x0000019f58c3fe80 JavaThread "build event listener"              [_thread_blocked, id=3232, stack(0x00000046d8600000,0x00000046d8700000) (1024K)]
  0x0000019f597d4230 JavaThread "pool-3-thread-1"                   [_thread_blocked, id=15184, stack(0x00000046dab00000,0x00000046dac00000) (1024K)]
  0x0000019f597d48c0 JavaThread "build event listener"              [_thread_blocked, id=16524, stack(0x00000046dac00000,0x00000046dad00000) (1024K)]
  0x0000019f597d2e80 JavaThread "Build operations"                  [_thread_blocked, id=6972, stack(0x00000046d2500000,0x00000046d2600000) (1024K)]
  0x0000019f5be22db0 JavaThread "C2 CompilerThread1"         daemon [_thread_blocked, id=22608, stack(0x00000046daa00000,0x00000046dab00000) (1024K)]
  0x0000019f5be23b50 JavaThread "C2 CompilerThread2"         daemon [_thread_blocked, id=14516, stack(0x00000046dad00000,0x00000046dae00000) (1024K)]
  0x0000019f597d0090 JavaThread "Unconstrained build operations Thread 67"        [_thread_blocked, id=16824, stack(0x00000046dae00000,0x00000046daf00000) (1024K)]
  0x0000019f597d6990 JavaThread "Unconstrained build operations Thread 68"        [_thread_blocked, id=1868, stack(0x00000046daf00000,0x00000046db000000) (1024K)]
  0x0000019f597d5c70 JavaThread "Unconstrained build operations Thread 69"        [_thread_blocked, id=24300, stack(0x00000046db000000,0x00000046db100000) (1024K)]
  0x0000019f597d55e0 JavaThread "Unconstrained build operations Thread 70"        [_thread_blocked, id=5656, stack(0x00000046db100000,0x00000046db200000) (1024K)]
  0x0000019f597d6300 JavaThread "Unconstrained build operations Thread 71"        [_thread_blocked, id=7928, stack(0x00000046db200000,0x00000046db300000) (1024K)]
  0x0000019f597d7020 JavaThread "Unconstrained build operations Thread 72"        [_thread_blocked, id=8448, stack(0x00000046db300000,0x00000046db400000) (1024K)]
  0x0000019f57fadf90 JavaThread "Unconstrained build operations Thread 73"        [_thread_blocked, id=5940, stack(0x00000046db400000,0x00000046db500000) (1024K)]
  0x0000019f5b0a7ed0 JavaThread "Unconstrained build operations Thread 74"        [_thread_blocked, id=20288, stack(0x00000046db500000,0x00000046db600000) (1024K)]
  0x0000019f58c453d0 JavaThread "Unconstrained build operations Thread 75"        [_thread_blocked, id=3104, stack(0x00000046db600000,0x00000046db700000) (1024K)]
Total: 126

Other Threads:
=>0x0000019f7f593e30 VMThread "VM Thread"                           [id=23692, stack(0x00000046d2f00000,0x00000046d3000000) (1024K)]
  0x0000019f7f582850 WatcherThread "VM Periodic Task Thread"        [id=7352, stack(0x00000046d2e00000,0x00000046d2f00000) (1024K)]
  0x0000019f6ed36ab0 WorkerThread "GC Thread#0"                     [id=22660, stack(0x00000046d2900000,0x00000046d2a00000) (1024K)]
  0x0000019f540ed670 WorkerThread "GC Thread#1"                     [id=4180, stack(0x00000046d3c00000,0x00000046d3d00000) (1024K)]
  0x0000019f54089600 WorkerThread "GC Thread#2"                     [id=3260, stack(0x00000046d3d00000,0x00000046d3e00000) (1024K)]
  0x0000019f540899b0 WorkerThread "GC Thread#3"                     [id=9504, stack(0x00000046d3e00000,0x00000046d3f00000) (1024K)]
  0x0000019f540ca010 WorkerThread "GC Thread#4"                     [id=13032, stack(0x00000046d3f00000,0x00000046d4000000) (1024K)]
  0x0000019f540ca3c0 WorkerThread "GC Thread#5"                     [id=23248, stack(0x00000046d4000000,0x00000046d4100000) (1024K)]
  0x0000019f5563af70 WorkerThread "GC Thread#6"                     [id=21808, stack(0x00000046d3b00000,0x00000046d3c00000) (1024K)]
  0x0000019f5564afa0 WorkerThread "GC Thread#7"                     [id=9120, stack(0x00000046d4100000,0x00000046d4200000) (1024K)]
  0x0000019f55860890 WorkerThread "GC Thread#8"                     [id=13404, stack(0x00000046d4200000,0x00000046d4300000) (1024K)]
  0x0000019f560ae910 WorkerThread "GC Thread#9"                     [id=22072, stack(0x00000046d5000000,0x00000046d5100000) (1024K)]
  0x0000019f6ed489c0 ConcurrentGCThread "G1 Main Marker"            [id=16392, stack(0x00000046d2a00000,0x00000046d2b00000) (1024K)]
  0x0000019f6ed49bf0 WorkerThread "G1 Conc#0"                       [id=21372, stack(0x00000046d2b00000,0x00000046d2c00000) (1024K)]
  0x0000019f560ae1b0 WorkerThread "G1 Conc#1"                       [id=9776, stack(0x00000046d5100000,0x00000046d5200000) (1024K)]
  0x0000019f560ade00 WorkerThread "G1 Conc#2"                       [id=14184, stack(0x00000046d5200000,0x00000046d5300000) (1024K)]
  0x0000019f7f455600 ConcurrentGCThread "G1 Refine#0"               [id=16304, stack(0x00000046d2c00000,0x00000046d2d00000) (1024K)]
  0x0000019f7f456090 ConcurrentGCThread "G1 Service"                [id=24980, stack(0x00000046d2d00000,0x00000046d2e00000) (1024K)]
Total: 18

Threads with active compile tasks:
C2 CompilerThread1  50012 15837       4       sun.reflect.generics.parser.SignatureParser::parseTypeArguments (109 bytes)
C2 CompilerThread2  50012 15832       4       org.gradle.internal.serialize.kryo.StringDeduplicatingKryoBackedEncoder::writeString (20 bytes)
Total: 2

VM state: at safepoint (normal execution)

VM Mutex/Monitor currently owned by a thread:  ([mutex/lock_event])
[0x00007ff9885065c0] Threads_lock - owner thread: 0x0000019f7f593e30
[0x00007ff9885066c0] Heap_lock - owner thread: 0x0000019f6ed489c0

Heap address: 0x0000000700000000, size: 4096 MB, Compressed Oops mode: Zero based, Oop shift amount: 3

CDS archive(s) mapped at: [0x0000019f0f000000-0x0000019f0fc80000-0x0000019f0fc80000), size 13107200, SharedBaseAddress: 0x0000019f0f000000, ArchiveRelocationMode: 1.
Compressed class space mapped at: 0x0000019f10000000-0x0000019f50000000, reserved size: 1073741824
Narrow klass base: 0x0000019f0f000000, Narrow klass shift: 0, Narrow klass range: 0x100000000

GC Precious Log:
 CardTable entry size: 512
 Card Set container configuration: InlinePtr #cards 4 size 8 Array Of Cards #cards 16 size 48 Howl #buckets 8 coarsen threshold 3686 Howl Bitmap #cards 512 size 80 coarsen threshold 460 Card regions per heap region 1 cards per card region 4096
 CPUs: 12 total, 12 available
 Memory: 16122M
 Large Page Support: Disabled
 NUMA Support: Disabled
 Compressed Oops: Enabled (Zero based)
 Heap Region Size: 2M
 Heap Min Capacity: 8M
 Heap Initial Capacity: 252M
 Heap Max Capacity: 4G
 Pre-touch: Disabled
 Parallel Workers: 10
 Concurrent Workers: 3
 Concurrent Refinement Workers: 10
 Periodic GC: Disabled

Heap:
 garbage-first heap   total 204800K, used 145832K [0x0000000700000000, 0x0000000800000000)
  region size 2048K, 7 young (14336K), 4 survivors (8192K)
 Metaspace       used 123302K, committed 126144K, reserved 1179648K
  class space    used 17247K, committed 18624K, reserved 1048576K

Heap Regions: E=young(eden), S=young(survivor), O=old, HS=humongous(starts), HC=humongous(continues), CS=collection set, F=free, TAMS=top-at-mark-start, PB=parsable bottom
|   0|0x0000000700000000, 0x0000000700200000, 0x0000000700200000|100%|HS|  |TAMS 0x0000000700200000| PB 0x0000000700000000| Complete 
|   1|0x0000000700200000, 0x0000000700400000, 0x0000000700400000|100%|HC|  |TAMS 0x0000000700400000| PB 0x0000000700200000| Complete 
|   2|0x0000000700400000, 0x0000000700600000, 0x0000000700600000|100%| O|  |TAMS 0x0000000700600000| PB 0x0000000700600000| Untracked 
|   3|0x0000000700600000, 0x0000000700800000, 0x0000000700800000|100%| O|  |TAMS 0x0000000700800000| PB 0x0000000700800000| Untracked 
|   4|0x0000000700800000, 0x0000000700a00000, 0x0000000700a00000|100%| O|  |TAMS 0x0000000700a00000| PB 0x0000000700a00000| Untracked 
|   5|0x0000000700a00000, 0x0000000700c00000, 0x0000000700c00000|100%|HS|  |TAMS 0x0000000700c00000| PB 0x0000000700a00000| Complete 
|   6|0x0000000700c00000, 0x0000000700e00000, 0x0000000700e00000|100%| O|  |TAMS 0x0000000700e00000| PB 0x0000000700e00000| Untracked 
|   7|0x0000000700e00000, 0x0000000701000000, 0x0000000701000000|100%| O|  |TAMS 0x0000000701000000| PB 0x0000000701000000| Untracked 
|   8|0x0000000701000000, 0x0000000701200000, 0x0000000701200000|100%| O|  |TAMS 0x0000000701200000| PB 0x0000000701200000| Updating 
|   9|0x0000000701200000, 0x0000000701400000, 0x0000000701400000|100%| O|  |TAMS 0x0000000701400000| PB 0x0000000701400000| Untracked 
|  10|0x0000000701400000, 0x0000000701600000, 0x0000000701600000|100%|HS|  |TAMS 0x0000000701600000| PB 0x0000000701400000| Complete 
|  11|0x0000000701600000, 0x0000000701800000, 0x0000000701800000|100%| O|  |TAMS 0x0000000701800000| PB 0x0000000701800000| Untracked 
|  12|0x0000000701800000, 0x0000000701a00000, 0x0000000701a00000|100%| O|  |TAMS 0x0000000701a00000| PB 0x0000000701a00000| Untracked 
|  13|0x0000000701a00000, 0x0000000701c00000, 0x0000000701c00000|100%| O|  |TAMS 0x0000000701c00000| PB 0x0000000701c00000| Untracked 
|  14|0x0000000701c00000, 0x0000000701e00000, 0x0000000701e00000|100%| O|  |TAMS 0x0000000701e00000| PB 0x0000000701e00000| Untracked 
|  15|0x0000000701e00000, 0x0000000702000000, 0x0000000702000000|100%|HS|  |TAMS 0x0000000702000000| PB 0x0000000701e00000| Complete 
|  16|0x0000000702000000, 0x0000000702200000, 0x0000000702200000|100%| O|  |TAMS 0x0000000702200000| PB 0x0000000702200000| Untracked 
|  17|0x0000000702200000, 0x0000000702400000, 0x0000000702400000|100%| O|  |TAMS 0x0000000702400000| PB 0x0000000702400000| Untracked 
|  18|0x0000000702400000, 0x0000000702600000, 0x0000000702600000|100%| O|  |TAMS 0x0000000702600000| PB 0x0000000702600000| Untracked 
|  19|0x0000000702600000, 0x0000000702800000, 0x0000000702800000|100%| O|  |TAMS 0x0000000702800000| PB 0x0000000702800000| Untracked 
|  20|0x0000000702800000, 0x0000000702a00000, 0x0000000702a00000|100%| O|  |TAMS 0x0000000702a00000| PB 0x0000000702a00000| Untracked 
|  21|0x0000000702a00000, 0x0000000702c00000, 0x0000000702c00000|100%| O|  |TAMS 0x0000000702c00000| PB 0x0000000702c00000| Untracked 
|  22|0x0000000702c00000, 0x0000000702e00000, 0x0000000702e00000|100%| O|  |TAMS 0x0000000702e00000| PB 0x0000000702e00000| Untracked 
|  23|0x0000000702e00000, 0x0000000703000000, 0x0000000703000000|100%| O|  |TAMS 0x0000000703000000| PB 0x0000000703000000| Untracked 
|  24|0x0000000703000000, 0x0000000703200000, 0x0000000703200000|100%| O|  |TAMS 0x0000000703200000| PB 0x0000000703200000| Untracked 
|  25|0x0000000703200000, 0x0000000703400000, 0x0000000703400000|100%| O|  |TAMS 0x0000000703400000| PB 0x0000000703400000| Untracked 
|  26|0x0000000703400000, 0x0000000703600000, 0x0000000703600000|100%| O|  |TAMS 0x0000000703600000| PB 0x0000000703600000| Untracked 
|  27|0x0000000703600000, 0x0000000703800000, 0x0000000703800000|100%| O|  |TAMS 0x0000000703800000| PB 0x0000000703800000| Untracked 
|  28|0x0000000703800000, 0x0000000703a00000, 0x0000000703a00000|100%| O|  |TAMS 0x0000000703a00000| PB 0x0000000703a00000| Untracked 
|  29|0x0000000703a00000, 0x0000000703c00000, 0x0000000703c00000|100%| O|  |TAMS 0x0000000703c00000| PB 0x0000000703c00000| Untracked 
|  30|0x0000000703c00000, 0x0000000703e00000, 0x0000000703e00000|100%| O|  |TAMS 0x0000000703e00000| PB 0x0000000703e00000| Untracked 
|  31|0x0000000703e00000, 0x0000000704000000, 0x0000000704000000|100%| O|  |TAMS 0x0000000704000000| PB 0x0000000704000000| Untracked 
|  32|0x0000000704000000, 0x0000000704200000, 0x0000000704200000|100%| O|  |TAMS 0x0000000704200000| PB 0x0000000704200000| Untracked 
|  33|0x0000000704200000, 0x0000000704400000, 0x0000000704400000|100%| O|  |TAMS 0x0000000704400000| PB 0x0000000704400000| Updating 
|  34|0x0000000704400000, 0x0000000704600000, 0x0000000704600000|100%| O|  |TAMS 0x0000000704600000| PB 0x0000000704600000| Untracked 
|  35|0x0000000704600000, 0x0000000704800000, 0x0000000704800000|100%| O|  |TAMS 0x0000000704800000| PB 0x0000000704800000| Untracked 
|  36|0x0000000704800000, 0x0000000704a00000, 0x0000000704a00000|100%| O|  |TAMS 0x0000000704a00000| PB 0x0000000704a00000| Untracked 
|  37|0x0000000704a00000, 0x0000000704c00000, 0x0000000704c00000|100%| O|  |TAMS 0x0000000704c00000| PB 0x0000000704c00000| Untracked 
|  38|0x0000000704c00000, 0x0000000704e00000, 0x0000000704e00000|100%| O|  |TAMS 0x0000000704e00000| PB 0x0000000704e00000| Untracked 
|  39|0x0000000704e00000, 0x0000000705000000, 0x0000000705000000|100%| O|  |TAMS 0x0000000705000000| PB 0x0000000705000000| Untracked 
|  40|0x0000000705000000, 0x0000000705200000, 0x0000000705200000|100%| O|  |TAMS 0x0000000705200000| PB 0x0000000705200000| Untracked 
|  41|0x0000000705200000, 0x0000000705400000, 0x0000000705400000|100%| O|  |TAMS 0x0000000705400000| PB 0x0000000705400000| Untracked 
|  42|0x0000000705400000, 0x0000000705600000, 0x0000000705600000|100%| O|  |TAMS 0x0000000705400000| PB 0x0000000705400000| Untracked 
|  43|0x0000000705600000, 0x0000000705800000, 0x0000000705800000|100%| O|  |TAMS 0x0000000705800000| PB 0x0000000705800000| Untracked 
|  44|0x0000000705800000, 0x0000000705a00000, 0x0000000705a00000|100%| O|  |TAMS 0x0000000705a00000| PB 0x0000000705a00000| Updating 
|  45|0x0000000705a00000, 0x0000000705c00000, 0x0000000705c00000|100%| O|  |TAMS 0x0000000705c00000| PB 0x0000000705c00000| Untracked 
|  46|0x0000000705c00000, 0x0000000705e00000, 0x0000000705e00000|100%| O|  |TAMS 0x0000000705e00000| PB 0x0000000705e00000| Untracked 
|  47|0x0000000705e00000, 0x0000000706000000, 0x0000000706000000|100%| O|  |TAMS 0x0000000706000000| PB 0x0000000706000000| Untracked 
|  48|0x0000000706000000, 0x0000000706200000, 0x0000000706200000|100%| O|  |TAMS 0x0000000706200000| PB 0x0000000706200000| Untracked 
|  49|0x0000000706200000, 0x0000000706400000, 0x0000000706400000|100%| O|  |TAMS 0x0000000706400000| PB 0x0000000706400000| Untracked 
|  50|0x0000000706400000, 0x0000000706600000, 0x0000000706600000|100%| O|  |TAMS 0x0000000706600000| PB 0x0000000706600000| Untracked 
|  51|0x0000000706600000, 0x0000000706800000, 0x0000000706800000|100%| O|  |TAMS 0x0000000706800000| PB 0x0000000706800000| Untracked 
|  52|0x0000000706800000, 0x0000000706800000, 0x0000000706a00000|  0%| F|  |TAMS 0x0000000706800000| PB 0x0000000706800000| Untracked 
|  53|0x0000000706a00000, 0x0000000706a00000, 0x0000000706c00000|  0%| F|  |TAMS 0x0000000706a00000| PB 0x0000000706a00000| Untracked 
|  54|0x0000000706c00000, 0x0000000706c00000, 0x0000000706e00000|  0%| F|  |TAMS 0x0000000706c00000| PB 0x0000000706c00000| Untracked 
|  55|0x0000000706e00000, 0x0000000707000000, 0x0000000707000000|100%| O|  |TAMS 0x0000000706e00000| PB 0x0000000706e00000| Untracked 
|  56|0x0000000707000000, 0x0000000707200000, 0x0000000707200000|100%| O|  |TAMS 0x0000000707000000| PB 0x0000000707000000| Untracked 
|  57|0x0000000707200000, 0x0000000707400000, 0x0000000707400000|100%| O|  |TAMS 0x0000000707200000| PB 0x0000000707200000| Untracked 
|  58|0x0000000707400000, 0x00000007074f6e10, 0x0000000707600000| 48%| O|  |TAMS 0x0000000707400000| PB 0x0000000707400000| Updating 
|  59|0x0000000707600000, 0x0000000707773380, 0x0000000707800000| 72%| S|CS|TAMS 0x0000000707600000| PB 0x0000000707600000| Complete 
|  60|0x0000000707800000, 0x0000000707a00000, 0x0000000707a00000|100%| S|CS|TAMS 0x0000000707800000| PB 0x0000000707800000| Complete 
|  61|0x0000000707a00000, 0x0000000707c00000, 0x0000000707c00000|100%| S|CS|TAMS 0x0000000707a00000| PB 0x0000000707a00000| Complete 
|  62|0x0000000707c00000, 0x0000000707e00000, 0x0000000707e00000|100%| S|CS|TAMS 0x0000000707c00000| PB 0x0000000707c00000| Complete 
|  63|0x0000000707e00000, 0x0000000707e00000, 0x0000000708000000|  0%| F|  |TAMS 0x0000000707e00000| PB 0x0000000707e00000| Untracked 
|  64|0x0000000708000000, 0x0000000708000000, 0x0000000708200000|  0%| F|  |TAMS 0x0000000708000000| PB 0x0000000708000000| Untracked 
|  65|0x0000000708200000, 0x0000000708200000, 0x0000000708400000|  0%| F|  |TAMS 0x0000000708200000| PB 0x0000000708200000| Untracked 
|  66|0x0000000708400000, 0x0000000708400000, 0x0000000708600000|  0%| F|  |TAMS 0x0000000708400000| PB 0x0000000708400000| Untracked 
|  67|0x0000000708600000, 0x0000000708600000, 0x0000000708800000|  0%| F|  |TAMS 0x0000000708600000| PB 0x0000000708600000| Untracked 
|  68|0x0000000708800000, 0x0000000708800000, 0x0000000708a00000|  0%| F|  |TAMS 0x0000000708800000| PB 0x0000000708800000| Untracked 
|  69|0x0000000708a00000, 0x0000000708a00000, 0x0000000708c00000|  0%| F|  |TAMS 0x0000000708a00000| PB 0x0000000708a00000| Untracked 
|  70|0x0000000708c00000, 0x0000000708c00000, 0x0000000708e00000|  0%| F|  |TAMS 0x0000000708c00000| PB 0x0000000708c00000| Untracked 
|  71|0x0000000708e00000, 0x0000000708e00000, 0x0000000709000000|  0%| F|  |TAMS 0x0000000708e00000| PB 0x0000000708e00000| Untracked 
|  72|0x0000000709000000, 0x0000000709000000, 0x0000000709200000|  0%| F|  |TAMS 0x0000000709000000| PB 0x0000000709000000| Untracked 
|  73|0x0000000709200000, 0x0000000709200000, 0x0000000709400000|  0%| F|  |TAMS 0x0000000709200000| PB 0x0000000709200000| Untracked 
|  74|0x0000000709400000, 0x0000000709400000, 0x0000000709600000|  0%| F|  |TAMS 0x0000000709400000| PB 0x0000000709400000| Untracked 
|  75|0x0000000709600000, 0x0000000709600000, 0x0000000709800000|  0%| F|  |TAMS 0x0000000709600000| PB 0x0000000709600000| Untracked 
|  76|0x0000000709800000, 0x0000000709800000, 0x0000000709a00000|  0%| F|  |TAMS 0x0000000709800000| PB 0x0000000709800000| Untracked 
|  77|0x0000000709a00000, 0x0000000709a00000, 0x0000000709c00000|  0%| F|  |TAMS 0x0000000709a00000| PB 0x0000000709a00000| Untracked 
|  78|0x0000000709c00000, 0x0000000709c00000, 0x0000000709e00000|  0%| F|  |TAMS 0x0000000709c00000| PB 0x0000000709c00000| Untracked 
|  79|0x0000000709e00000, 0x0000000709e00000, 0x000000070a000000|  0%| F|  |TAMS 0x0000000709e00000| PB 0x0000000709e00000| Untracked 
|  80|0x000000070a000000, 0x000000070a000000, 0x000000070a200000|  0%| F|  |TAMS 0x000000070a000000| PB 0x000000070a000000| Untracked 
|  81|0x000000070a200000, 0x000000070a200000, 0x000000070a400000|  0%| F|  |TAMS 0x000000070a200000| PB 0x000000070a200000| Untracked 
|  82|0x000000070a400000, 0x000000070a400000, 0x000000070a600000|  0%| F|  |TAMS 0x000000070a400000| PB 0x000000070a400000| Untracked 
|  83|0x000000070a600000, 0x000000070a600000, 0x000000070a800000|  0%| F|  |TAMS 0x000000070a600000| PB 0x000000070a600000| Untracked 
|  84|0x000000070a800000, 0x000000070a800000, 0x000000070aa00000|  0%| F|  |TAMS 0x000000070a800000| PB 0x000000070a800000| Untracked 
|  85|0x000000070aa00000, 0x000000070aa00000, 0x000000070ac00000|  0%| F|  |TAMS 0x000000070aa00000| PB 0x000000070aa00000| Untracked 
|  86|0x000000070ac00000, 0x000000070ac00000, 0x000000070ae00000|  0%| F|  |TAMS 0x000000070ac00000| PB 0x000000070ac00000| Untracked 
|  87|0x000000070ae00000, 0x000000070ae03e90, 0x000000070b000000|  0%| E|  |TAMS 0x000000070ae00000| PB 0x000000070ae00000| Complete 
| 125|0x000000070fa00000, 0x000000070fc00000, 0x000000070fc00000|100%| E|CS|TAMS 0x000000070fa00000| PB 0x000000070fa00000| Complete 
|2037|0x00000007fea00000, 0x00000007fec00000, 0x00000007fec00000|100%| O|  |TAMS 0x00000007fead9940| PB 0x00000007fead9940| Updating 
|2038|0x00000007fec00000, 0x00000007fee00000, 0x00000007fee00000|100%| E|CS|TAMS 0x00000007fec00000| PB 0x00000007fec00000| Complete 
|2039|0x00000007fee00000, 0x00000007ff000000, 0x00000007ff000000|100%| O|  |TAMS 0x00000007ff000000| PB 0x00000007ff000000| Untracked 
|2040|0x00000007ff000000, 0x00000007ff200000, 0x00000007ff200000|100%| O|  |TAMS 0x00000007ff200000| PB 0x00000007ff200000| Untracked 
|2041|0x00000007ff200000, 0x00000007ff400000, 0x00000007ff400000|100%| O|  |TAMS 0x00000007ff400000| PB 0x00000007ff400000| Untracked 
|2042|0x00000007ff400000, 0x00000007ff600000, 0x00000007ff600000|100%| O|  |TAMS 0x00000007ff600000| PB 0x00000007ff600000| Untracked 
|2043|0x00000007ff600000, 0x00000007ff800000, 0x00000007ff800000|100%| O|  |TAMS 0x00000007ff800000| PB 0x00000007ff800000| Untracked 
|2044|0x00000007ff800000, 0x00000007ffa00000, 0x00000007ffa00000|100%| O|  |TAMS 0x00000007ffa00000| PB 0x00000007ffa00000| Untracked 
|2045|0x00000007ffa00000, 0x00000007ffc00000, 0x00000007ffc00000|100%| O|  |TAMS 0x00000007ffc00000| PB 0x00000007ffc00000| Untracked 
|2046|0x00000007ffc00000, 0x00000007ffe00000, 0x00000007ffe00000|100%| O|  |TAMS 0x00000007ffe00000| PB 0x00000007ffe00000| Untracked 
|2047|0x00000007ffe00000, 0x0000000800000000, 0x0000000800000000|100%| O|  |TAMS 0x0000000800000000| PB 0x0000000800000000| Untracked 

Card table byte_map: [0x0000019f78150000,0x0000019f78950000] _byte_map_base: 0x0000019f74950000

Marking Bits: (CMBitMap*) 0x0000019f6ed380e0
 Bits: [0x0000019f78950000, 0x0000019f7c950000)

Polling page: 0x0000019f6e490000

Metaspace:

Usage:
  Non-class:    103.57 MB used.
      Class:     16.84 MB used.
       Both:    120.41 MB used.

Virtual space:
  Non-class space:      128.00 MB reserved,     105.00 MB ( 82%) committed,  2 nodes.
      Class space:        1.00 GB reserved,      18.19 MB (  2%) committed,  1 nodes.
             Both:        1.12 GB reserved,     123.19 MB ( 11%) committed. 

Chunk freelists:
   Non-Class:  6.98 MB
       Class:  13.70 MB
        Both:  20.68 MB

MaxMetaspaceSize: unlimited
CompressedClassSpaceSize: 1.00 GB
Initial GC threshold: 21.00 MB
Current GC threshold: 196.38 MB
CDS: on
 - commit_granule_bytes: 65536.
 - commit_granule_words: 8192.
 - virtual_space_node_default_size: 8388608.
 - enlarge_chunks_in_place: 1.
 - use_allocation_guard: 0.


Internal statistics:

num_allocs_failed_limit: 12.
num_arena_births: 5026.
num_arena_deaths: 0.
num_vsnodes_births: 3.
num_vsnodes_deaths: 0.
num_space_committed: 1970.
num_space_uncommitted: 0.
num_chunks_returned_to_freelist: 12.
num_chunks_taken_from_freelist: 10886.
num_chunk_merges: 9.
num_chunk_splits: 7095.
num_chunks_enlarged: 4448.
num_inconsistent_stats: 0.

CodeHeap 'non-profiled nmethods': size=120000Kb used=8334Kb max_used=8533Kb free=111665Kb
 bounds [0x0000019f07ad0000, 0x0000019f08330000, 0x0000019f0f000000]
CodeHeap 'profiled nmethods': size=120000Kb used=26164Kb max_used=27125Kb free=93835Kb
 bounds [0x0000019f00000000, 0x0000019f01a80000, 0x0000019f07530000]
CodeHeap 'non-nmethods': size=5760Kb used=2059Kb max_used=2105Kb free=3700Kb
 bounds [0x0000019f07530000, 0x0000019f077a0000, 0x0000019f07ad0000]
CodeCache: size=245760Kb, used=36557Kb, max_used=37763Kb, free=209200Kb
 total_blobs=14272, nmethods=13357, adapters=819, full_count=0
Compilation: enabled, stopped_count=0, restarted_count=0

Compilation events (20 events):
Event: 49.910 Thread 0x0000019f7f5f8000 nmethod 15828 0x0000019f01a7bc90 code [0x0000019f01a7be40, 0x0000019f01a7c000]
Event: 49.911 Thread 0x0000019f7f5f8000 15829       1       org.gradle.api.internal.provider.ValueSupplier$ChangingExecutionTimeValue::getChangingValue (5 bytes)
Event: 49.912 Thread 0x0000019f7f5f8000 nmethod 15829 0x0000019f0831ac10 code [0x0000019f0831ada0, 0x0000019f0831ae70]
Event: 49.916 Thread 0x0000019f7f5f8000 15830   !   3       org.gradle.internal.logging.sink.OutputEventTransformer::invokeListener (28 bytes)
Event: 49.917 Thread 0x0000019f7f5f8000 nmethod 15830 0x0000019f01a7c110 code [0x0000019f01a7c2c0, 0x0000019f01a7c5a0]
Event: 49.917 Thread 0x0000019f5be22db0 15831       4       com.google.common.collect.ImmutableList::of (9 bytes)
Event: 49.921 Thread 0x0000019f5be22db0 nmethod 15831 0x0000019f0831af10 code [0x0000019f0831b0a0, 0x0000019f0831b218]
Event: 49.923 Thread 0x0000019f7f5f30a0 nmethod 15671 0x0000019f0831b310 code [0x0000019f0831ba20, 0x0000019f0831fdd0]
Event: 49.926 Thread 0x0000019f5be23b50 15832       4       org.gradle.internal.serialize.kryo.StringDeduplicatingKryoBackedEncoder::writeString (20 bytes)
Event: 49.927 Thread 0x0000019f7f5f8000 15833       1       org.gradle.api.internal.artifacts.ivyservice.ResolutionParameters::getRootComponent (5 bytes)
Event: 49.927 Thread 0x0000019f7f5f8000 nmethod 15833 0x0000019f08325490 code [0x0000019f08325620, 0x0000019f083256f0]
Event: 49.927 Thread 0x0000019f7f5f8000 15834       3       org.gradle.internal.event.BroadcastDispatch$CompositeDispatch::dispatch (9 bytes)
Event: 49.928 Thread 0x0000019f7f5f8000 nmethod 15834 0x0000019f01a7c710 code [0x0000019f01a7c8c0, 0x0000019f01a7cbe8]
Event: 49.928 Thread 0x0000019f7f5f8000 15835       3       org.gradle.internal.event.BroadcastDispatch$CompositeDispatch::dispatch (10 bytes)
Event: 49.928 Thread 0x0000019f7f5f8000 nmethod 15835 0x0000019f01a7cd10 code [0x0000019f01a7cec0, 0x0000019f01a7d088]
Event: 49.930 Thread 0x0000019f7f5f8000 15836       3       org.gradle.internal.classloader.ClassLoaderVisitor::visitSpec (1 bytes)
Event: 49.930 Thread 0x0000019f7f5f8000 nmethod 15836 0x0000019f01a7d110 code [0x0000019f01a7d2a0, 0x0000019f01a7d3a8]
Event: 49.937 Thread 0x0000019f5be22db0 15837       4       sun.reflect.generics.parser.SignatureParser::parseTypeArguments (109 bytes)
Event: 49.937 Thread 0x0000019f7f5f8000 15838       3       com.google.common.collect.RegularImmutableBiMap::get (13 bytes)
Event: 49.938 Thread 0x0000019f7f5f8000 nmethod 15838 0x0000019f01a7d410 code [0x0000019f01a7d5c0, 0x0000019f01a7d710]

GC Heap History (20 events):
Event: 37.937 GC heap before
{Heap before GC invocations=33 (full 0):
 garbage-first heap   total 172032K, used 151887K [0x0000000700000000, 0x0000000800000000)
  region size 2048K, 32 young (65536K), 4 survivors (8192K)
 Metaspace       used 97902K, committed 100544K, reserved 1179648K
  class space    used 13867K, committed 15168K, reserved 1048576K
}
Event: 37.947 GC heap after
{Heap after GC invocations=34 (full 0):
 garbage-first heap   total 172032K, used 97239K [0x0000000700000000, 0x0000000800000000)
  region size 2048K, 4 young (8192K), 4 survivors (8192K)
 Metaspace       used 97902K, committed 100544K, reserved 1179648K
  class space    used 13867K, committed 15168K, reserved 1048576K
}
Event: 39.376 GC heap before
{Heap before GC invocations=35 (full 0):
 garbage-first heap   total 172032K, used 152535K [0x0000000700000000, 0x0000000800000000)
  region size 2048K, 31 young (63488K), 4 survivors (8192K)
 Metaspace       used 101199K, committed 103872K, reserved 1179648K
  class space    used 14382K, committed 15680K, reserved 1048576K
}
Event: 39.386 GC heap after
{Heap after GC invocations=36 (full 0):
 garbage-first heap   total 172032K, used 101896K [0x0000000700000000, 0x0000000800000000)
  region size 2048K, 4 young (8192K), 4 survivors (8192K)
 Metaspace       used 101199K, committed 103872K, reserved 1179648K
  class space    used 14382K, committed 15680K, reserved 1048576K
}
Event: 40.523 GC heap before
{Heap before GC invocations=36 (full 0):
 garbage-first heap   total 172032K, used 155144K [0x0000000700000000, 0x0000000800000000)
  region size 2048K, 30 young (61440K), 4 survivors (8192K)
 Metaspace       used 104136K, committed 106752K, reserved 1179648K
  class space    used 14780K, committed 16064K, reserved 1048576K
}
Event: 40.532 GC heap after
{Heap after GC invocations=37 (full 0):
 garbage-first heap   total 172032K, used 104542K [0x0000000700000000, 0x0000000800000000)
  region size 2048K, 2 young (4096K), 2 survivors (4096K)
 Metaspace       used 104136K, committed 106752K, reserved 1179648K
  class space    used 14780K, committed 16064K, reserved 1048576K
}
Event: 41.691 GC heap before
{Heap before GC invocations=37 (full 0):
 garbage-first heap   total 172032K, used 155742K [0x0000000700000000, 0x0000000800000000)
  region size 2048K, 27 young (55296K), 2 survivors (4096K)
 Metaspace       used 106738K, committed 109376K, reserved 1179648K
  class space    used 15170K, committed 16448K, reserved 1048576K
}
Event: 41.698 GC heap after
{Heap after GC invocations=38 (full 0):
 garbage-first heap   total 172032K, used 107358K [0x0000000700000000, 0x0000000800000000)
  region size 2048K, 4 young (8192K), 4 survivors (8192K)
 Metaspace       used 106738K, committed 109376K, reserved 1179648K
  class space    used 15170K, committed 16448K, reserved 1048576K
}
Event: 43.235 GC heap before
{Heap before GC invocations=39 (full 0):
 garbage-first heap   total 184320K, used 156510K [0x0000000700000000, 0x0000000800000000)
  region size 2048K, 28 young (57344K), 4 survivors (8192K)
 Metaspace       used 109596K, committed 112320K, reserved 1179648K
  class space    used 15628K, committed 16960K, reserved 1048576K
}
Event: 43.244 GC heap after
{Heap after GC invocations=40 (full 0):
 garbage-first heap   total 184320K, used 110168K [0x0000000700000000, 0x0000000800000000)
  region size 2048K, 3 young (6144K), 3 survivors (6144K)
 Metaspace       used 109596K, committed 112320K, reserved 1179648K
  class space    used 15628K, committed 16960K, reserved 1048576K
}
Event: 44.560 GC heap before
{Heap before GC invocations=40 (full 0):
 garbage-first heap   total 184320K, used 169560K [0x0000000700000000, 0x0000000800000000)
  region size 2048K, 32 young (65536K), 3 survivors (6144K)
 Metaspace       used 113609K, committed 116416K, reserved 1179648K
  class space    used 16234K, committed 17600K, reserved 1048576K
}
Event: 44.572 GC heap after
{Heap after GC invocations=41 (full 0):
 garbage-first heap   total 184320K, used 113111K [0x0000000700000000, 0x0000000800000000)
  region size 2048K, 3 young (6144K), 3 survivors (6144K)
 Metaspace       used 113609K, committed 116416K, reserved 1179648K
  class space    used 16234K, committed 17600K, reserved 1048576K
}
Event: 45.873 GC heap before
{Heap before GC invocations=41 (full 0):
 garbage-first heap   total 184320K, used 170455K [0x0000000700000000, 0x0000000800000000)
  region size 2048K, 31 young (63488K), 3 survivors (6144K)
 Metaspace       used 117622K, committed 120320K, reserved 1179648K
  class space    used 16720K, committed 18048K, reserved 1048576K
}
Event: 45.883 GC heap after
{Heap after GC invocations=42 (full 0):
 garbage-first heap   total 184320K, used 116662K [0x0000000700000000, 0x0000000800000000)
  region size 2048K, 4 young (8192K), 4 survivors (8192K)
 Metaspace       used 117622K, committed 120320K, reserved 1179648K
  class space    used 16720K, committed 18048K, reserved 1048576K
}
Event: 47.076 GC heap before
{Heap before GC invocations=43 (full 0):
 garbage-first heap   total 198656K, used 169910K [0x0000000700000000, 0x0000000800000000)
  region size 2048K, 30 young (61440K), 4 survivors (8192K)
 Metaspace       used 119013K, committed 121728K, reserved 1179648K
  class space    used 16918K, committed 18240K, reserved 1048576K
}
Event: 47.089 GC heap after
{Heap after GC invocations=44 (full 0):
 garbage-first heap   total 198656K, used 123206K [0x0000000700000000, 0x0000000800000000)
  region size 2048K, 4 young (8192K), 4 survivors (8192K)
 Metaspace       used 119013K, committed 121728K, reserved 1179648K
  class space    used 16918K, committed 18240K, reserved 1048576K
}
Event: 48.280 GC heap before
{Heap before GC invocations=44 (full 0):
 garbage-first heap   total 198656K, used 180550K [0x0000000700000000, 0x0000000800000000)
  region size 2048K, 33 young (67584K), 4 survivors (8192K)
 Metaspace       used 121425K, committed 124160K, reserved 1179648K
  class space    used 17053K, committed 18368K, reserved 1048576K
}
Event: 48.296 GC heap after
{Heap after GC invocations=45 (full 0):
 garbage-first heap   total 204800K, used 133990K [0x0000000700000000, 0x0000000800000000)
  region size 2048K, 5 young (10240K), 5 survivors (10240K)
 Metaspace       used 121425K, committed 124160K, reserved 1179648K
  class space    used 17053K, committed 18368K, reserved 1048576K
}
Event: 49.769 GC heap before
{Heap before GC invocations=45 (full 0):
 garbage-first heap   total 204800K, used 185190K [0x0000000700000000, 0x0000000800000000)
  region size 2048K, 30 young (61440K), 5 survivors (10240K)
 Metaspace       used 123199K, committed 126016K, reserved 1179648K
  class space    used 17234K, committed 18624K, reserved 1048576K
}
Event: 49.785 GC heap after
{Heap after GC invocations=46 (full 0):
 garbage-first heap   total 204800K, used 141736K [0x0000000700000000, 0x0000000800000000)
  region size 2048K, 4 young (8192K), 4 survivors (8192K)
 Metaspace       used 123199K, committed 126016K, reserved 1179648K
  class space    used 17234K, committed 18624K, reserved 1048576K
}

Dll operation events (15 events):
Event: 0.016 Loaded shared library D:\.gradle\jdks\amazon_com_inc_-21-amd64-windows.2\bin\java.dll
Event: 0.072 Loaded shared library D:\.gradle\jdks\amazon_com_inc_-21-amd64-windows.2\bin\jsvml.dll
Event: 0.146 Loaded shared library D:\.gradle\jdks\amazon_com_inc_-21-amd64-windows.2\bin\zip.dll
Event: 0.173 Loaded shared library D:\.gradle\jdks\amazon_com_inc_-21-amd64-windows.2\bin\instrument.dll
Event: 0.213 Loaded shared library D:\.gradle\jdks\amazon_com_inc_-21-amd64-windows.2\bin\net.dll
Event: 0.215 Loaded shared library D:\.gradle\jdks\amazon_com_inc_-21-amd64-windows.2\bin\nio.dll
Event: 0.219 Loaded shared library D:\.gradle\jdks\amazon_com_inc_-21-amd64-windows.2\bin\zip.dll
Event: 0.531 Loaded shared library D:\.gradle\jdks\amazon_com_inc_-21-amd64-windows.2\bin\jimage.dll
Event: 0.824 Loaded shared library D:\.gradle\jdks\amazon_com_inc_-21-amd64-windows.2\bin\verify.dll
Event: 0.869 Loaded shared library D:\.gradle\native\1def1411415f61bf3af743bc5b6707747c0891f09f0c88961ee8f79bc544acac\windows-amd64\native-platform.dll
Event: 0.884 Loaded shared library D:\.gradle\native\0.2.8\x86_64-windows-gnu\gradle-fileevents.dll
Event: 2.405 Loaded shared library D:\.gradle\jdks\amazon_com_inc_-21-amd64-windows.2\bin\management.dll
Event: 2.407 Loaded shared library D:\.gradle\jdks\amazon_com_inc_-21-amd64-windows.2\bin\management_ext.dll
Event: 2.670 Loaded shared library D:\.gradle\jdks\amazon_com_inc_-21-amd64-windows.2\bin\extnet.dll
Event: 2.925 Loaded shared library D:\.gradle\jdks\amazon_com_inc_-21-amd64-windows.2\bin\sunmscapi.dll

Deoptimization events (20 events):
Event: 49.475 Thread 0x0000019f55870460 DEOPT PACKING pc=0x0000019f081f48a8 sp=0x00000046d49f76e0
Event: 49.475 Thread 0x0000019f55870460 DEOPT UNPACKING pc=0x0000019f07584422 sp=0x00000046d49f7690 mode 2
Event: 49.475 Thread 0x0000019f55870460 Uncommon trap: trap_request=0xffffffc6 fr.pc=0x0000019f081f48a8 relative=0x0000000000000268
Event: 49.475 Thread 0x0000019f55870460 Uncommon trap: reason=bimorphic_or_optimized_type_check action=maybe_recompile pc=0x0000019f081f48a8 method=org.gradle.api.internal.collections.CollectionFilter.filter(Ljava/lang/Object;)Ljava/lang/Object; @ 27 c2
Event: 49.475 Thread 0x0000019f55870460 DEOPT PACKING pc=0x0000019f081f48a8 sp=0x00000046d49f76e0
Event: 49.475 Thread 0x0000019f55870460 DEOPT UNPACKING pc=0x0000019f07584422 sp=0x00000046d49f7690 mode 2
Event: 49.475 Thread 0x0000019f55870460 Uncommon trap: trap_request=0xffffffc6 fr.pc=0x0000019f081f48a8 relative=0x0000000000000268
Event: 49.475 Thread 0x0000019f55870460 Uncommon trap: reason=bimorphic_or_optimized_type_check action=maybe_recompile pc=0x0000019f081f48a8 method=org.gradle.api.internal.collections.CollectionFilter.filter(Ljava/lang/Object;)Ljava/lang/Object; @ 27 c2
Event: 49.475 Thread 0x0000019f55870460 DEOPT PACKING pc=0x0000019f081f48a8 sp=0x00000046d49f76e0
Event: 49.475 Thread 0x0000019f55870460 DEOPT UNPACKING pc=0x0000019f07584422 sp=0x00000046d49f7690 mode 2
Event: 49.475 Thread 0x0000019f55870460 Uncommon trap: trap_request=0xffffffc6 fr.pc=0x0000019f081f48a8 relative=0x0000000000000268
Event: 49.475 Thread 0x0000019f55870460 Uncommon trap: reason=bimorphic_or_optimized_type_check action=maybe_recompile pc=0x0000019f081f48a8 method=org.gradle.api.internal.collections.CollectionFilter.filter(Ljava/lang/Object;)Ljava/lang/Object; @ 27 c2
Event: 49.475 Thread 0x0000019f55870460 DEOPT PACKING pc=0x0000019f081f48a8 sp=0x00000046d49f76e0
Event: 49.475 Thread 0x0000019f55870460 DEOPT UNPACKING pc=0x0000019f07584422 sp=0x00000046d49f7690 mode 2
Event: 49.690 Thread 0x0000019f55870460 DEOPT PACKING pc=0x0000019f0090185b sp=0x00000046d49f4e70
Event: 49.690 Thread 0x0000019f55870460 DEOPT UNPACKING pc=0x0000019f07584bc2 sp=0x00000046d49f4318 mode 0
Event: 49.708 Thread 0x0000019f55870460 Uncommon trap: trap_request=0xffffff45 fr.pc=0x0000019f07f1f29c relative=0x000000000000007c
Event: 49.708 Thread 0x0000019f55870460 Uncommon trap: reason=unstable_if action=reinterpret pc=0x0000019f07f1f29c method=com.google.common.cache.LocalCache.isExpired(Lcom/google/common/cache/ReferenceEntry;J)Z @ 9 c2
Event: 49.708 Thread 0x0000019f55870460 DEOPT PACKING pc=0x0000019f07f1f29c sp=0x00000046d49f6310
Event: 49.708 Thread 0x0000019f55870460 DEOPT UNPACKING pc=0x0000019f07584422 sp=0x00000046d49f62a0 mode 2

Classes loaded (20 events):
Event: 48.196 Loading class sun/nio/ch/ChannelOutputStream
Event: 48.197 Loading class sun/nio/ch/ChannelOutputStream done
Event: 48.200 Loading class java/util/concurrent/ConcurrentLinkedQueue$Itr
Event: 48.201 Loading class java/util/concurrent/ConcurrentLinkedQueue$Itr done
Event: 48.236 Loading class java/nio/file/FileTreeWalker$1
Event: 48.236 Loading class java/nio/file/FileTreeWalker$1 done
Event: 49.095 Loading class java/io/CharArrayWriter
Event: 49.095 Loading class java/io/CharArrayWriter done
Event: 49.110 Loading class java/io/SequenceInputStream
Event: 49.110 Loading class java/io/SequenceInputStream done
Event: 49.128 Loading class java/nio/file/AccessDeniedException
Event: 49.128 Loading class java/nio/file/AccessDeniedException done
Event: 49.129 Loading class java/util/function/IntUnaryOperator
Event: 49.130 Loading class java/util/function/IntUnaryOperator done
Event: 49.208 Loading class java/util/Collections$ReverseComparator
Event: 49.209 Loading class java/util/Collections$ReverseComparator done
Event: 49.209 Loading class java/util/Collections$ReverseComparator2
Event: 49.209 Loading class java/util/Collections$ReverseComparator2 done
Event: 49.757 Loading class java/util/EnumSet$SerializationProxy
Event: 49.758 Loading class java/util/EnumSet$SerializationProxy done

Classes unloaded (0 events):
No events

Classes redefined (0 events):
No events

Internal exceptions (20 events):
Event: 47.616 Thread 0x0000019f55870460 Exception <a 'java/lang/ClassNotFoundException'{0x00000007097b5128}: com/android/build/gradle/internal/tasks/SigningConfigVersionsWriterTaskCustomizer> (0x00000007097b5128) 
thrown [s\src\hotspot\share\classfile\systemDictionary.cpp, line 313]
Event: 47.619 Thread 0x0000019f55870460 Exception <a 'java/lang/ClassNotFoundException'{0x00000007097de138}: com/android/build/gradle/internal/tasks/SigningConfigVersionsWriterTask_DecoratedCustomizer> (0x00000007097de138) 
thrown [s\src\hotspot\share\classfile\systemDictionary.cpp, line 313]
Event: 47.632 Thread 0x0000019f55870460 Exception <a 'java/lang/ClassNotFoundException'{0x0000000709488e50}: com/android/build/gradle/tasks/PackageApplication_DecoratedBeanInfo> (0x0000000709488e50) 
thrown [s\src\hotspot\share\classfile\systemDictionary.cpp, line 313]
Event: 47.633 Thread 0x0000019f55870460 Exception <a 'java/lang/ClassNotFoundException'{0x0000000709497418}: com/android/build/gradle/tasks/PackageApplicationBeanInfo> (0x0000000709497418) 
thrown [s\src\hotspot\share\classfile\systemDictionary.cpp, line 313]
Event: 47.634 Thread 0x0000019f55870460 Exception <a 'java/lang/ClassNotFoundException'{0x00000007094a5a18}: com/android/build/gradle/tasks/PackageAndroidArtifactBeanInfo> (0x00000007094a5a18) 
thrown [s\src\hotspot\share\classfile\systemDictionary.cpp, line 313]
Event: 47.636 Thread 0x0000019f55870460 Exception <a 'java/lang/ClassNotFoundException'{0x00000007094b4160}: com/android/build/gradle/tasks/PackageAndroidArtifactCustomizer> (0x00000007094b4160) 
thrown [s\src\hotspot\share\classfile\systemDictionary.cpp, line 313]
Event: 47.640 Thread 0x0000019f55870460 Exception <a 'java/lang/ClassNotFoundException'{0x0000000709515740}: com/android/build/gradle/tasks/PackageApplicationCustomizer> (0x0000000709515740) 
thrown [s\src\hotspot\share\classfile\systemDictionary.cpp, line 313]
Event: 47.644 Thread 0x0000019f55870460 Exception <a 'java/lang/ClassNotFoundException'{0x00000007095463e0}: com/android/build/gradle/tasks/PackageApplication_DecoratedCustomizer> (0x00000007095463e0) 
thrown [s\src\hotspot\share\classfile\systemDictionary.cpp, line 313]
Event: 47.654 Thread 0x0000019f55870460 Exception <a 'java/lang/ClassNotFoundException'{0x00000007092160f0}: com/android/build/gradle/internal/tasks/ListingFileRedirectTask_DecoratedBeanInfo> (0x00000007092160f0) 
thrown [s\src\hotspot\share\classfile\systemDictionary.cpp, line 313]
Event: 47.657 Thread 0x0000019f55870460 Exception <a 'java/lang/ClassNotFoundException'{0x0000000709224ab0}: com/android/build/gradle/internal/tasks/ListingFileRedirectTaskBeanInfo> (0x0000000709224ab0) 
thrown [s\src\hotspot\share\classfile\systemDictionary.cpp, line 313]
Event: 47.659 Thread 0x0000019f55870460 Exception <a 'java/lang/ClassNotFoundException'{0x00000007092334b0}: com/android/build/gradle/internal/tasks/ListingFileRedirectTaskCustomizer> (0x00000007092334b0) 
thrown [s\src\hotspot\share\classfile\systemDictionary.cpp, line 313]
Event: 47.661 Thread 0x0000019f55870460 Exception <a 'java/lang/ClassNotFoundException'{0x00000007092521c0}: com/android/build/gradle/internal/tasks/ListingFileRedirectTask_DecoratedCustomizer> (0x00000007092521c0) 
thrown [s\src\hotspot\share\classfile\systemDictionary.cpp, line 313]
Event: 48.088 Thread 0x0000019f55870460 Exception <a 'java/lang/NoSuchMethodError'{0x00000007081ff548}: static Lcom/android/build/gradle/internal/profile/ProjectData;.<clinit>()V> (0x00000007081ff548) 
thrown [s\src\hotspot\share\prims\jni.cpp, line 1111]
Event: 48.099 Thread 0x0000019f55870460 Exception <a 'java/lang/NoSuchMethodError'{0x0000000707e46858}: static Lcom/android/build/gradle/internal/profile/TaskMetadata;.<clinit>()V> (0x0000000707e46858) 
thrown [s\src\hotspot\share\prims\jni.cpp, line 1111]
Event: 48.194 Thread 0x0000019f55870460 Exception <a 'sun/nio/fs/WindowsException'{0x00000007071793a8}> (0x00000007071793a8) 
thrown [s\src\hotspot\share\prims\jni.cpp, line 520]
Event: 48.208 Thread 0x0000019f55870460 Exception <a 'java/lang/NoSuchMethodError'{0x0000000706e05c00}: 'void java.lang.invoke.DirectMethodHandle$Holder.invokeSpecial(java.lang.Object, java.lang.Object, java.lang.Object, java.lang.Object, int, java.lang.Object, java.lang.Object)'> (0x0000000706e05c00) 
thrown [s\src\hotspot\share\interpreter\linkResolver.cpp, line 773]
Event: 48.588 Thread 0x0000019f55870460 Exception <a 'java/lang/NoSuchMethodError'{0x000000070a9f9018}: 'java.lang.Object java.lang.invoke.DirectMethodHandle$Holder.invokeStatic(java.lang.Object, java.lang.Object, int, java.lang.Object, java.lang.Object, java.lang.Object)'> (0x000000070a9f9018) 
thrown [s\src\hotspot\share\interpreter\linkResolver.cpp, line 773]
Event: 48.589 Thread 0x0000019f55870460 Exception <a 'java/lang/NoSuchMethodError'{0x000000070a601060}: 'java.lang.Object java.lang.invoke.DirectMethodHandle$Holder.newInvokeSpecial(java.lang.Object, java.lang.Object, int, java.lang.Object, java.lang.Object, java.lang.Object)'> (0x000000070a601060) 
thrown [s\src\hotspot\share\interpreter\linkResolver.cpp, line 773]
Event: 48.590 Thread 0x0000019f55870460 Exception <a 'java/lang/NoSuchMethodError'{0x000000070a608d18}: 'java.lang.Object java.lang.invoke.Invokers$Holder.linkToTargetMethod(java.lang.Object, int, java.lang.Object, java.lang.Object, java.lang.Object, java.lang.Object)'> (0x000000070a608d18) 
thrown [s\src\hotspot\share\interpreter\linkResolver.cpp, line 773]
Event: 49.130 Thread 0x0000019f55870460 Exception <a 'java/lang/NoSuchMethodError'{0x000000070902acc8}: 'int java.lang.invoke.DirectMethodHandle$Holder.invokeSpecial(java.lang.Object, java.lang.Object, int)'> (0x000000070902acc8) 
thrown [s\src\hotspot\share\interpreter\linkResolver.cpp, line 773]

ZGC Phase Switch (0 events):
No events

VM Operations (20 events):
Event: 48.093 Executing safepoint VM operation: Cleanup done
Event: 48.235 Executing non-safepoint VM operation: HandshakeAllThreads (Deoptimize)
Event: 48.235 Executing non-safepoint VM operation: HandshakeAllThreads (Deoptimize) done
Event: 48.279 Executing safepoint VM operation: G1CollectForAllocation (G1 Evacuation Pause)
Event: 48.296 Executing safepoint VM operation: G1CollectForAllocation (G1 Evacuation Pause) done
Event: 48.427 Executing non-safepoint VM operation: HandshakeAllThreads (Deoptimize)
Event: 48.428 Executing non-safepoint VM operation: HandshakeAllThreads (Deoptimize) done
Event: 48.495 Executing non-safepoint VM operation: HandshakeAllThreads (Deoptimize)
Event: 48.495 Executing non-safepoint VM operation: HandshakeAllThreads (Deoptimize) done
Event: 48.553 Executing non-safepoint VM operation: HandshakeAllThreads (Deoptimize)
Event: 48.553 Executing non-safepoint VM operation: HandshakeAllThreads (Deoptimize) done
Event: 48.723 Executing safepoint VM operation: ICBufferFull
Event: 48.723 Executing safepoint VM operation: ICBufferFull done
Event: 49.353 Executing safepoint VM operation: ICBufferFull
Event: 49.354 Executing safepoint VM operation: ICBufferFull done
Event: 49.708 Executing safepoint VM operation: ICBufferFull
Event: 49.708 Executing safepoint VM operation: ICBufferFull done
Event: 49.769 Executing safepoint VM operation: G1CollectForAllocation (G1 Evacuation Pause)
Event: 49.785 Executing safepoint VM operation: G1CollectForAllocation (G1 Evacuation Pause) done
Event: 49.938 Executing safepoint VM operation: G1PauseRemark

Memory protections (0 events):
No events

Nmethod flushes (20 events):
Event: 49.949 Thread 0x0000019f7f593e30 flushing  nmethod 0x0000019f0061b890
Event: 49.949 Thread 0x0000019f7f593e30 flushing  nmethod 0x0000019f006ac690
Event: 49.949 Thread 0x0000019f7f593e30 flushing  nmethod 0x0000019f00780d10
Event: 49.949 Thread 0x0000019f7f593e30 flushing  nmethod 0x0000019f0083aa10
Event: 49.949 Thread 0x0000019f7f593e30 flushing  nmethod 0x0000019f0083b410
Event: 49.949 Thread 0x0000019f7f593e30 flushing  nmethod 0x0000019f00841510
Event: 49.949 Thread 0x0000019f7f593e30 flushing  nmethod 0x0000019f00889d10
Event: 49.949 Thread 0x0000019f7f593e30 flushing  nmethod 0x0000019f008bc090
Event: 49.949 Thread 0x0000019f7f593e30 flushing  nmethod 0x0000019f009c3010
Event: 49.949 Thread 0x0000019f7f593e30 flushing  nmethod 0x0000019f00a25010
Event: 49.949 Thread 0x0000019f7f593e30 flushing  nmethod 0x0000019f00a69410
Event: 49.949 Thread 0x0000019f7f593e30 flushing  nmethod 0x0000019f00ca4690
Event: 49.949 Thread 0x0000019f7f593e30 flushing  nmethod 0x0000019f00de0010
Event: 49.949 Thread 0x0000019f7f593e30 flushing  nmethod 0x0000019f01267810
Event: 49.949 Thread 0x0000019f7f593e30 flushing  nmethod 0x0000019f01267c90
Event: 49.949 Thread 0x0000019f7f593e30 flushing  nmethod 0x0000019f0126a610
Event: 49.949 Thread 0x0000019f7f593e30 flushing  nmethod 0x0000019f0126d610
Event: 49.949 Thread 0x0000019f7f593e30 flushing  nmethod 0x0000019f012e9090
Event: 49.949 Thread 0x0000019f7f593e30 flushing  nmethod 0x0000019f01395590
Event: 49.949 Thread 0x0000019f7f593e30 flushing  nmethod 0x0000019f015e1790

Events (20 events):
Event: 44.380 Thread 0x0000019f7f5f8000 Thread added: 0x0000019f591dcaf0
Event: 44.598 Thread 0x0000019f591dcaf0 Thread exited: 0x0000019f591dcaf0
Event: 44.765 Thread 0x0000019f7f5f8000 Thread added: 0x0000019f591dcaf0
Event: 44.986 Thread 0x0000019f7f5f8000 Thread added: 0x0000019f591e2a50
Event: 48.200 Thread 0x0000019f55870460 Thread added: 0x0000019f597d4230
Event: 48.202 Thread 0x0000019f55870460 Thread added: 0x0000019f597d48c0
Event: 48.243 Thread 0x0000019f591e2a50 Thread exited: 0x0000019f591e2a50
Event: 48.523 Thread 0x0000019f591dcaf0 Thread exited: 0x0000019f591dcaf0
Event: 48.595 Thread 0x0000019f55870460 Thread added: 0x0000019f597d2e80
Event: 48.722 Thread 0x0000019f7f5f8000 Thread added: 0x0000019f5be22db0
Event: 48.900 Thread 0x0000019f7f5f8000 Thread added: 0x0000019f5be23b50
Event: 49.683 Thread 0x0000019f55870460 Thread added: 0x0000019f597d0090
Event: 49.684 Thread 0x0000019f55870460 Thread added: 0x0000019f597d6990
Event: 49.686 Thread 0x0000019f55870460 Thread added: 0x0000019f597d5c70
Event: 49.687 Thread 0x0000019f55870460 Thread added: 0x0000019f597d55e0
Event: 49.688 Thread 0x0000019f55870460 Thread added: 0x0000019f597d6300
Event: 49.689 Thread 0x0000019f55870460 Thread added: 0x0000019f597d7020
Event: 49.690 Thread 0x0000019f55870460 Thread added: 0x0000019f57fadf90
Event: 49.692 Thread 0x0000019f55870460 Thread added: 0x0000019f5b0a7ed0
Event: 49.720 Thread 0x0000019f55870460 Thread added: 0x0000019f58c453d0


Dynamic libraries:
0x00007ff77bd00000 - 0x00007ff77bd0e000 	D:\.gradle\jdks\amazon_com_inc_-21-amd64-windows.2\bin\java.exe
0x00007ffa592a0000 - 0x00007ffa59506000 	C:\WINDOWS\SYSTEM32\ntdll.dll
0x00007ffa572f0000 - 0x00007ffa573b9000 	C:\WINDOWS\System32\KERNEL32.DLL
0x00007ffa566b0000 - 0x00007ffa56aaa000 	C:\WINDOWS\System32\KERNELBASE.dll
0x00007ffa56c20000 - 0x00007ffa56d6c000 	C:\WINDOWS\System32\ucrtbase.dll
0x00007ffa43a70000 - 0x00007ffa43a88000 	D:\.gradle\jdks\amazon_com_inc_-21-amd64-windows.2\bin\jli.dll
0x00007ffa57840000 - 0x00007ffa57a07000 	C:\WINDOWS\System32\USER32.dll
0x00007ffa56d70000 - 0x00007ffa56d97000 	C:\WINDOWS\System32\win32u.dll
0x00007ffa57140000 - 0x00007ffa5716b000 	C:\WINDOWS\System32\GDI32.dll
0x00007ffa56da0000 - 0x00007ffa56ecb000 	C:\WINDOWS\System32\gdi32full.dll
0x00007ffa56b70000 - 0x00007ffa56c13000 	C:\WINDOWS\System32\msvcp_win.dll
0x00007ffa43a50000 - 0x00007ffa43a6e000 	D:\.gradle\jdks\amazon_com_inc_-21-amd64-windows.2\bin\VCRUNTIME140.dll
0x00007ffa37810000 - 0x00007ffa37aa2000 	C:\WINDOWS\WinSxS\amd64_microsoft.windows.common-controls_6595b64144ccf1df_6.0.26100.8521_none_3e08b75ce33403b3\COMCTL32.dll
0x00007ffa57790000 - 0x00007ffa57839000 	C:\WINDOWS\System32\msvcrt.dll
0x00007ffa59050000 - 0x00007ffa59082000 	C:\WINDOWS\System32\IMM32.DLL
0x00007ffa469e0000 - 0x00007ffa469ec000 	D:\.gradle\jdks\amazon_com_inc_-21-amd64-windows.2\bin\vcruntime140_1.dll
0x00007ffa0a4b0000 - 0x00007ffa0a539000 	D:\.gradle\jdks\amazon_com_inc_-21-amd64-windows.2\bin\msvcp140.dll
0x00007ff987840000 - 0x00007ff9885e8000 	D:\.gradle\jdks\amazon_com_inc_-21-amd64-windows.2\bin\server\jvm.dll
0x00007ffa57da0000 - 0x00007ffa57e56000 	C:\WINDOWS\System32\ADVAPI32.dll
0x00007ffa58810000 - 0x00007ffa588ba000 	C:\WINDOWS\System32\sechost.dll
0x00007ffa57020000 - 0x00007ffa57138000 	C:\WINDOWS\System32\RPCRT4.dll
0x00007ffa57fc0000 - 0x00007ffa58040000 	C:\WINDOWS\System32\WS2_32.dll
0x00007ffa52f90000 - 0x00007ffa52fc6000 	C:\WINDOWS\SYSTEM32\WINMM.dll
0x00007ffa37ab0000 - 0x00007ffa37abb000 	C:\WINDOWS\SYSTEM32\VERSION.dll
0x00007ffa56390000 - 0x00007ffa563ee000 	C:\WINDOWS\SYSTEM32\POWRPROF.dll
0x00007ffa56370000 - 0x00007ffa56384000 	C:\WINDOWS\SYSTEM32\UMPDC.dll
0x00007ffa552c0000 - 0x00007ffa552db000 	C:\WINDOWS\SYSTEM32\kernel.appcore.dll
0x00007ffa43ac0000 - 0x00007ffa43aca000 	D:\.gradle\jdks\amazon_com_inc_-21-amd64-windows.2\bin\jimage.dll
0x00007ffa53b00000 - 0x00007ffa53d42000 	C:\WINDOWS\SYSTEM32\DBGHELP.DLL
0x00007ffa57a10000 - 0x00007ffa57d93000 	C:\WINDOWS\System32\combase.dll
0x00007ffa57ee0000 - 0x00007ffa57fb9000 	C:\WINDOWS\System32\OLEAUT32.dll
0x00007ffa39570000 - 0x00007ffa395ab000 	C:\WINDOWS\SYSTEM32\dbgcore.DLL
0x00007ffa56f60000 - 0x00007ffa57008000 	C:\WINDOWS\System32\bcryptPrimitives.dll
0x00007ffa24da0000 - 0x00007ffa24db0000 	D:\.gradle\jdks\amazon_com_inc_-21-amd64-windows.2\bin\instrument.dll
0x00007ffa3a860000 - 0x00007ffa3a881000 	D:\.gradle\jdks\amazon_com_inc_-21-amd64-windows.2\bin\java.dll
0x00007ffa58080000 - 0x00007ffa58804000 	C:\WINDOWS\System32\SHELL32.dll
0x00007ffa540d0000 - 0x00007ffa54950000 	C:\WINDOWS\SYSTEM32\windows.storage.dll
0x00007ffa58d70000 - 0x00007ffa58e66000 	C:\WINDOWS\System32\SHCORE.dll
0x00007ffa571c0000 - 0x00007ffa57227000 	C:\WINDOWS\System32\shlwapi.dll
0x00007ffa56450000 - 0x00007ffa56479000 	C:\WINDOWS\SYSTEM32\profapi.dll
0x00007ffa07db0000 - 0x00007ffa07e87000 	D:\.gradle\jdks\amazon_com_inc_-21-amd64-windows.2\bin\jsvml.dll
0x00007ffa25520000 - 0x00007ffa25538000 	D:\.gradle\jdks\amazon_com_inc_-21-amd64-windows.2\bin\zip.dll
0x00007ffa24f80000 - 0x00007ffa24f91000 	D:\.gradle\jdks\amazon_com_inc_-21-amd64-windows.2\bin\net.dll
0x00007ffa4cdb0000 - 0x00007ffa4ced9000 	C:\WINDOWS\SYSTEM32\WINHTTP.dll
0x00007ffa55830000 - 0x00007ffa5589c000 	C:\WINDOWS\system32\mswsock.dll
0x00007ffa24e30000 - 0x00007ffa24e46000 	D:\.gradle\jdks\amazon_com_inc_-21-amd64-windows.2\bin\nio.dll
0x00007ffa420c0000 - 0x00007ffa420d0000 	D:\.gradle\jdks\amazon_com_inc_-21-amd64-windows.2\bin\verify.dll
0x00007ffa1ca30000 - 0x00007ffa1ca57000 	D:\.gradle\native\1def1411415f61bf3af743bc5b6707747c0891f09f0c88961ee8f79bc544acac\windows-amd64\native-platform.dll
0x00007ffa0eb60000 - 0x00007ffa0ebd7000 	D:\.gradle\native\0.2.8\x86_64-windows-gnu\gradle-fileevents.dll
0x00007ffa3a600000 - 0x00007ffa3a60a000 	D:\.gradle\jdks\amazon_com_inc_-21-amd64-windows.2\bin\management.dll
0x00007ffa39bc0000 - 0x00007ffa39bcc000 	D:\.gradle\jdks\amazon_com_inc_-21-amd64-windows.2\bin\management_ext.dll
0x00007ffa59090000 - 0x00007ffa59098000 	C:\WINDOWS\System32\PSAPI.DLL
0x00007ffa54d40000 - 0x00007ffa54d73000 	C:\WINDOWS\SYSTEM32\IPHLPAPI.DLL
0x00007ffa590a0000 - 0x00007ffa590aa000 	C:\WINDOWS\System32\NSI.dll
0x00007ffa395b0000 - 0x00007ffa395b9000 	D:\.gradle\jdks\amazon_com_inc_-21-amd64-windows.2\bin\extnet.dll
0x00007ffa55b10000 - 0x00007ffa55b2b000 	C:\WINDOWS\SYSTEM32\CRYPTSP.dll
0x00007ffa55220000 - 0x00007ffa55259000 	C:\WINDOWS\system32\rsaenh.dll
0x00007ffa558e0000 - 0x00007ffa55913000 	C:\WINDOWS\SYSTEM32\USERENV.dll
0x00007ffa56420000 - 0x00007ffa5644a000 	C:\WINDOWS\SYSTEM32\bcrypt.dll
0x00007ffa55b30000 - 0x00007ffa55b3c000 	C:\WINDOWS\SYSTEM32\CRYPTBASE.dll
0x00007ffa24aa0000 - 0x00007ffa24aae000 	D:\.gradle\jdks\amazon_com_inc_-21-amd64-windows.2\bin\sunmscapi.dll
0x00007ffa56530000 - 0x00007ffa566a8000 	C:\WINDOWS\System32\CRYPT32.dll
0x00007ffa55d30000 - 0x00007ffa55d60000 	C:\WINDOWS\SYSTEM32\ncrypt.dll
0x00007ffa55ce0000 - 0x00007ffa55d1f000 	C:\WINDOWS\SYSTEM32\NTASN1.dll
0x00007ffa3a340000 - 0x00007ffa3a348000 	C:\WINDOWS\system32\wshunix.dll

JVMTI agents:
D:\.gradle\wrapper\dists\gradle-9.1.0-bin\9agqghryom9wkf8r80qlhnts3\gradle-9.1.0\lib\agents\gradle-instrumentation-agent-9.1.0.jar path:D:\.gradle\jdks\amazon_com_inc_-21-amd64-windows.2\bin\instrument.dll, loaded, initialized, instrumentlib options:none

dbghelp: loaded successfully - version: 4.0.5 - missing functions: none
symbol engine: initialized successfully - sym options: 0x614 - pdb path: .;D:\.gradle\jdks\amazon_com_inc_-21-amd64-windows.2\bin;C:\WINDOWS\SYSTEM32;C:\WINDOWS\WinSxS\amd64_microsoft.windows.common-controls_6595b64144ccf1df_6.0.26100.8521_none_3e08b75ce33403b3;D:\.gradle\jdks\amazon_com_inc_-21-amd64-windows.2\bin\server;D:\.gradle\native\1def1411415f61bf3af743bc5b6707747c0891f09f0c88961ee8f79bc544acac\windows-amd64;D:\.gradle\native\0.2.8\x86_64-windows-gnu

VM Arguments:
jvm_args: --add-opens=java.base/java.lang=ALL-UNNAMED --add-opens=java.base/java.lang.invoke=ALL-UNNAMED --add-opens=java.base/java.util=ALL-UNNAMED --add-opens=java.prefs/java.util.prefs=ALL-UNNAMED --add-exports=jdk.compiler/com.sun.tools.javac.api=ALL-UNNAMED --add-exports=jdk.compiler/com.sun.tools.javac.util=ALL-UNNAMED --add-opens=java.base/java.util=ALL-UNNAMED --add-opens=java.prefs/java.util.prefs=ALL-UNNAMED --add-opens=java.base/java.nio.charset=ALL-UNNAMED --add-opens=java.base/java.net=ALL-UNNAMED --add-opens=java.base/java.util.concurrent=ALL-UNNAMED --add-opens=java.base/java.util.concurrent.atomic=ALL-UNNAMED --add-opens=java.xml/javax.xml.namespace=ALL-UNNAMED --add-opens=java.base/java.time=ALL-UNNAMED -Xmx4096M -Dfile.encoding=UTF-8 -Duser.country=US -Duser.language=en -Duser.variant -javaagent:D:\.gradle\wrapper\dists\gradle-9.1.0-bin\9agqghryom9wkf8r80qlhnts3\gradle-9.1.0\lib\agents\gradle-instrumentation-agent-9.1.0.jar 
java_command: org.gradle.launcher.daemon.bootstrap.GradleDaemon 9.1.0
java_class_path (initial): D:\.gradle\wrapper\dists\gradle-9.1.0-bin\9agqghryom9wkf8r80qlhnts3\gradle-9.1.0\lib\gradle-daemon-main-9.1.0.jar
Launcher Type: SUN_STANDARD

[Global flags]
     intx CICompilerCount                          = 4                                         {product} {ergonomic}
     uint ConcGCThreads                            = 3                                         {product} {ergonomic}
     uint G1ConcRefinementThreads                  = 10                                        {product} {ergonomic}
   size_t G1HeapRegionSize                         = 2097152                                   {product} {ergonomic}
    uintx GCDrainStackTargetSize                   = 64                                        {product} {ergonomic}
   size_t InitialHeapSize                          = 264241152                                 {product} {ergonomic}
   size_t MarkStackSize                            = 4194304                                   {product} {ergonomic}
   size_t MaxHeapSize                              = 4294967296                                {product} {command line}
   size_t MaxNewSize                               = 2575302656                                {product} {ergonomic}
   size_t MinHeapDeltaBytes                        = 2097152                                   {product} {ergonomic}
   size_t MinHeapSize                              = 8388608                                   {product} {ergonomic}
    uintx NonNMethodCodeHeapSize                   = 5839372                                {pd product} {ergonomic}
    uintx NonProfiledCodeHeapSize                  = 122909434                              {pd product} {ergonomic}
    uintx ProfiledCodeHeapSize                     = 122909434                              {pd product} {ergonomic}
    uintx ReservedCodeCacheSize                    = 251658240                              {pd product} {ergonomic}
     bool SegmentedCodeCache                       = true                                      {product} {ergonomic}
   size_t SoftMaxHeapSize                          = 4294967296                             {manageable} {ergonomic}
     bool UseCompressedOops                        = true                           {product lp64_product} {ergonomic}
     bool UseG1GC                                  = true                                      {product} {ergonomic}
     bool UseLargePagesIndividualAllocation        = false                                  {pd product} {ergonomic}

Logging:
Log output configuration:
 #0: stdout all=warning uptime,level,tags foldmultilines=false
 #1: stderr all=off uptime,level,tags foldmultilines=false

Release file:
IMPLEMENTOR="Amazon.com Inc." 
IMPLEMENTOR_VERSION="Corretto-21.0.11.10.1" 
JAVA_RUNTIME_VERSION="21.0.11+10-LTS" 
JAVA_VERSION="21.0.11" 
JAVA_VERSION_DATE="2026-04-21" 
LIBC="default" 
MODULES="java.base java.compiler java.datatransfer java.xml java.prefs java.desktop java.instrument java.logging java.management java.security.sasl java.naming java.rmi java.management.rmi java.net.http java.scripting java.security.jgss java.transaction.xa java.sql java.sql.rowset java.xml.crypto java.se java.smartcardio jdk.accessibility jdk.internal.jvmstat jdk.attach jdk.charsets jdk.internal.opt jdk.zipfs jdk.compiler jdk.crypto.ec jdk.crypto.cryptoki jdk.crypto.mscapi jdk.dynalink jdk.internal.ed jdk.editpad jdk.hotspot.agent jdk.httpserver jdk.incubator.vector jdk.internal.le jdk.internal.vm.ci jdk.internal.vm.compiler jdk.internal.vm.compiler.management jdk.jartool jdk.javadoc jdk.jcmd jdk.management jdk.management.agent jdk.jconsole jdk.jdeps jdk.jdwp.agent jdk.jdi jdk.jfr jdk.jlink jdk.jpackage jdk.jshell jdk.jsobject jdk.jstatd jdk.localedata jdk.management.jfr jdk.naming.dns jdk.naming.rmi jdk.net jdk.nio.mapmode jdk.random jdk.sctp jdk.security.auth jdk.security.jgss jdk.unsupported jdk.unsupported.desktop jdk.xml.dom" 
OS_ARCH="x86_64" 
OS_NAME="Windows" 
SOURCE="" 

Environment Variables:
PATH=D:\JDK with Hotspot\bin;C:\WINDOWS\system32;C:\WINDOWS;C:\WINDOWS\System32\Wbem;C:\WINDOWS\System32\WindowsPowerShell\v1.0\;C:\WINDOWS\System32\OpenSSH\;C:\Program Files\dotnet\;D:\mongosh-2.5.0-win32-x64;D:\Program Files\Git\cmd;C:\Program Files\Docker\Docker\resources\bin;D:\Program Files\nodejs\;C:\ProgramData\chocolatey\bin;D:\php-8.4.13-src;C:\php-8.4.13-nts-Win32-vs17-x64;C:\composer;C:\Users\USER\AppData\Local\Microsoft\WindowsApps;D:\Microsoft VS Code\bin;C:\msys64\ucrt64\bin;C:\Users\USER\AppData\Local\Programs\Python\Python313\python.exe;C:\Users\USER\AppData\Local\Programs\Python\Python313\Scripts;C:\Users\USER\AppData\Roaming\npm;D:\tubes1-IF2211-game-engine-1.1.0\tubes1-IF2211-game-engine-1.1.0\scripts\copy-env.bat;C:\Users\USER\OneDrive\College\phpmyadmin;D:\php-8.4.13-src;C:\php-8.4.13-nts-Win32-vs17-x64;C:\Users\USER\AppData\Roaming\Composer\vendor\bin;D:\.android\emulator;D:\.android\platform-tools;C:\Users\USER\AppData\Local\Android\Sdk\platform-tools;C:\Users\USER\AppData\Local\Android\Sdk\emulator;
USERNAME=USER
OS=Windows_NT
PROCESSOR_IDENTIFIER=Intel64 Family 6 Model 186 Stepping 2, GenuineIntel
TMP=C:\Users\USER\AppData\Local\Temp
TEMP=C:\Users\USER\AppData\Local\Temp




Periodic native trim disabled

---------------  S Y S T E M  ---------------

OS:
 Windows 11 , 64 bit Build 26100 (10.0.26100.8521)
OS uptime: 0 days 1:02 hours
Hyper-V role detected

CPU: total 12 (initial active 12) (6 cores per cpu, 2 threads per core) family 6 model 186 stepping 2 microcode 0x4121, cx8, cmov, fxsr, ht, mmx, 3dnowpref, sse, sse2, sse3, ssse3, sse4.1, sse4.2, popcnt, lzcnt, tsc, tscinvbit, avx, avx2, aes, erms, clmul, bmi1, bmi2, adx, sha, fma, vzeroupper, clflush, clflushopt, clwb, hv, serialize, rdtscp, rdpid, fsrm, f16c, cet_ibt, cet_ss
Processor Information for processor 0
  Max Mhz: 2100, Current Mhz: 2100, Mhz Limit: 2100
Processor Information for processor 1
  Max Mhz: 2100, Current Mhz: 2100, Mhz Limit: 2100
Processor Information for processor 2
  Max Mhz: 2100, Current Mhz: 1453, Mhz Limit: 2100
Processor Information for processor 3
  Max Mhz: 2100, Current Mhz: 1453, Mhz Limit: 2100
Processor Information for processor 4
  Max Mhz: 2100, Current Mhz: 1453, Mhz Limit: 2100
Processor Information for processor 5
  Max Mhz: 2100, Current Mhz: 1453, Mhz Limit: 2100
Processor Information for processor 6
  Max Mhz: 2100, Current Mhz: 1453, Mhz Limit: 2100
Processor Information for processor 7
  Max Mhz: 2100, Current Mhz: 1453, Mhz Limit: 2100
Processor Information for processor 8
  Max Mhz: 2100, Current Mhz: 1500, Mhz Limit: 1491
Processor Information for processor 9
  Max Mhz: 2100, Current Mhz: 1500, Mhz Limit: 1491
Processor Information for processor 10
  Max Mhz: 2100, Current Mhz: 1500, Mhz Limit: 1491
Processor Information for processor 11
  Max Mhz: 2100, Current Mhz: 1500, Mhz Limit: 1491

Memory: 4k page, system-wide physical 16122M (2462M free)
TotalPageFile size 20278M (AvailPageFile size 90M)
current process WorkingSet (physical memory assigned to process): 538M, peak: 539M
current process commit charge ("private bytes"): 585M, peak: 619M

vm_info: OpenJDK 64-Bit Server VM (21.0.11+10-LTS) for windows-amd64 JRE (21.0.11+10-LTS), built on 2026-04-18T07:30:30Z by "Administrator" with MS VC++ 17.14 (VS2022)

END.
